Component: ARM Compiler 5.06 update 5 (build 528) Tool: armlink [4d35e2]

==============================================================================

Section Cross References

    startup_stm32f10x_md.o(STACK) refers (Special) to heapauxi.o(.text) for __use_two_region_memory
    startup_stm32f10x_md.o(HEAP) refers (Special) to heapauxi.o(.text) for __use_two_region_memory
    startup_stm32f10x_md.o(RESET) refers (Special) to heapauxi.o(.text) for __use_two_region_memory
    startup_stm32f10x_md.o(RESET) refers to startup_stm32f10x_md.o(STACK) for __initial_sp
    startup_stm32f10x_md.o(RESET) refers to startup_stm32f10x_md.o(.text) for Reset_Handler
    startup_stm32f10x_md.o(RESET) refers to stm32f10x_it.o(i.NMI_Handler) for NMI_Handler
    startup_stm32f10x_md.o(RESET) refers to stm32f10x_it.o(i.HardFault_Handler) for HardFault_Handler
    startup_stm32f10x_md.o(RESET) refers to stm32f10x_it.o(i.MemManage_Handler) for MemManage_Handler
    startup_stm32f10x_md.o(RESET) refers to stm32f10x_it.o(i.BusFault_Handler) for BusFault_Handler
    startup_stm32f10x_md.o(RESET) refers to stm32f10x_it.o(i.UsageFault_Handler) for UsageFault_Handler
    startup_stm32f10x_md.o(RESET) refers to stm32f10x_it.o(i.SVC_Handler) for SVC_Handler
    startup_stm32f10x_md.o(RESET) refers to stm32f10x_it.o(i.DebugMon_Handler) for DebugMon_Handler
    startup_stm32f10x_md.o(RESET) refers to stm32f10x_it.o(i.PendSV_Handler) for PendSV_Handler
    startup_stm32f10x_md.o(RESET) refers to stm32f10x_it.o(i.SysTick_Handler) for SysTick_Handler
    startup_stm32f10x_md.o(RESET) refers to usart.o(i.USART1_IRQHandler) for USART1_IRQHandler
    startup_stm32f10x_md.o(RESET) refers to usart.o(i.USART2_IRQHandler) for USART2_IRQHandler
    startup_stm32f10x_md.o(.text) refers (Special) to heapauxi.o(.text) for __use_two_region_memory
    startup_stm32f10x_md.o(.text) refers to system_stm32f10x.o(i.SystemInit) for SystemInit
    startup_stm32f10x_md.o(.text) refers to __main.o(!!!main) for __main
    startup_stm32f10x_md.o(.text) refers to startup_stm32f10x_md.o(HEAP) for Heap_Mem
    startup_stm32f10x_md.o(.text) refers to startup_stm32f10x_md.o(STACK) for Stack_Mem
    system_stm32f10x.o(i.SetSysClock) refers to system_stm32f10x.o(i.SetSysClockTo72) for SetSysClockTo72
    system_stm32f10x.o(i.SystemCoreClockUpdate) refers to system_stm32f10x.o(.data) for SystemCoreClock
    system_stm32f10x.o(i.SystemInit) refers to system_stm32f10x.o(i.SetSysClock) for SetSysClock
    stm32f10x_adc.o(i.ADC_DeInit) refers to stm32f10x_rcc.o(i.RCC_APB2PeriphResetCmd) for RCC_APB2PeriphResetCmd
    stm32f10x_bkp.o(i.BKP_DeInit) refers to stm32f10x_rcc.o(i.RCC_BackupResetCmd) for RCC_BackupResetCmd
    stm32f10x_can.o(i.CAN_DeInit) refers to stm32f10x_rcc.o(i.RCC_APB1PeriphResetCmd) for RCC_APB1PeriphResetCmd
    stm32f10x_can.o(i.CAN_GetITStatus) refers to stm32f10x_can.o(i.CheckITStatus) for CheckITStatus
    stm32f10x_cec.o(i.CEC_DeInit) refers to stm32f10x_rcc.o(i.RCC_APB1PeriphResetCmd) for RCC_APB1PeriphResetCmd
    stm32f10x_dac.o(i.DAC_DeInit) refers to stm32f10x_rcc.o(i.RCC_APB1PeriphResetCmd) for RCC_APB1PeriphResetCmd
    stm32f10x_flash.o(i.FLASH_EnableWriteProtection) refers to stm32f10x_flash.o(i.FLASH_WaitForLastOperation) for FLASH_WaitForLastOperation
    stm32f10x_flash.o(i.FLASH_EraseAllBank1Pages) refers to stm32f10x_flash.o(i.FLASH_WaitForLastBank1Operation) for FLASH_WaitForLastBank1Operation
    stm32f10x_flash.o(i.FLASH_EraseAllPages) refers to stm32f10x_flash.o(i.FLASH_WaitForLastOperation) for FLASH_WaitForLastOperation
    stm32f10x_flash.o(i.FLASH_EraseOptionBytes) refers to stm32f10x_flash.o(i.FLASH_GetReadOutProtectionStatus) for FLASH_GetReadOutProtectionStatus
    stm32f10x_flash.o(i.FLASH_EraseOptionBytes) refers to stm32f10x_flash.o(i.FLASH_WaitForLastOperation) for FLASH_WaitForLastOperation
    stm32f10x_flash.o(i.FLASH_ErasePage) refers to stm32f10x_flash.o(i.FLASH_WaitForLastOperation) for FLASH_WaitForLastOperation
    stm32f10x_flash.o(i.FLASH_ProgramHalfWord) refers to stm32f10x_flash.o(i.FLASH_WaitForLastOperation) for FLASH_WaitForLastOperation
    stm32f10x_flash.o(i.FLASH_ProgramOptionByteData) refers to stm32f10x_flash.o(i.FLASH_WaitForLastOperation) for FLASH_WaitForLastOperation
    stm32f10x_flash.o(i.FLASH_ProgramWord) refers to stm32f10x_flash.o(i.FLASH_WaitForLastOperation) for FLASH_WaitForLastOperation
    stm32f10x_flash.o(i.FLASH_ReadOutProtection) refers to stm32f10x_flash.o(i.FLASH_WaitForLastOperation) for FLASH_WaitForLastOperation
    stm32f10x_flash.o(i.FLASH_UserOptionByteConfig) refers to stm32f10x_flash.o(i.FLASH_WaitForLastOperation) for FLASH_WaitForLastOperation
    stm32f10x_flash.o(i.FLASH_WaitForLastBank1Operation) refers to stm32f10x_flash.o(i.FLASH_GetBank1Status) for FLASH_GetBank1Status
    stm32f10x_flash.o(i.FLASH_WaitForLastOperation) refers to stm32f10x_flash.o(i.FLASH_GetBank1Status) for FLASH_GetBank1Status
[...]
    i.Motor_Off                              0x08001754   Section        0  motor.o(i.Motor_Off)
    i.Motor_On                               0x08001770   Section        0  motor.o(i.Motor_On)
    i.NMI_Handler                            0x0800178c   Section        0  stm32f10x_it.o(i.NMI_Handler)
    i.NVIC_Init                              0x08001790   Section        0  misc.o(i.NVIC_Init)
    i.OLED_Clear                             0x08001800   Section        0  oled.o(i.OLED_Clear)
    i.OLED_I2C_Init                          0x0800182c   Section        0  oled.o(i.OLED_I2C_Init)
    i.OLED_I2C_SendByte                      0x0800187c   Section        0  oled.o(i.OLED_I2C_SendByte)
    i.OLED_I2C_Start                         0x080018d8   Section        0  oled.o(i.OLED_I2C_Start)
    i.OLED_I2C_Stop                          0x0800190c   Section        0  oled.o(i.OLED_I2C_Stop)
    i.OLED_Init                              0x08001934   Section        0  oled.o(i.OLED_Init)
    i.OLED_Pow                               0x080019e2   Section        0  oled.o(i.OLED_Pow)
    i.OLED_SetCursor                         0x080019f6   Section        0  oled.o(i.OLED_SetCursor)
    i.OLED_ShowChar                          0x08001a18   Section        0  oled.o(i.OLED_ShowChar)
    i.OLED_ShowNum                           0x08001a8c   Section        0  oled.o(i.OLED_ShowNum)
    i.OLED_ShowString                        0x08001ad0   Section        0  oled.o(i.OLED_ShowString)
    i.OLED_WriteCommand                      0x08001af8   Section        0  oled.o(i.OLED_WriteCommand)
    i.OLED_WriteData                         0x08001b18   Section        0  oled.o(i.OLED_WriteData)
    i.PendSV_Handler                         0x08001b38   Section        0  stm32f10x_it.o(i.PendSV_Handler)
    i.RCC_ADCCLKConfig                       0x08001b3c   Section        0  stm32f10x_rcc.o(i.RCC_ADCCLKConfig)
    i.RCC_APB1PeriphClockCmd                 0x08001b54   Section        0  stm32f10x_rcc.o(i.RCC_APB1PeriphClockCmd)
    i.RCC_APB2PeriphClockCmd                 0x08001b74   Section        0  stm32f10x_rcc.o(i.RCC_APB2PeriphClockCmd)
    i.RCC_GetClocksFreq                      0x08001b94   Section        0  stm32f10x_rcc.o(i.RCC_GetClocksFreq)
    i.SDA_IN                                 0x08001c68   Section        0  bh1750.o(i.SDA_IN)
    i.SDA_OUT                                0x08001c8c   Section        0  bh1750.o(i.SDA_OUT)
    i.SHT30_CMD                              0x08001cb0   Section        0  sht30.o(i.SHT30_CMD)
    i.SHT30_IIC_ACK                          0x08001ce4   Section        0  sht30.o(i.SHT30_IIC_ACK)
    i.SHT30_IIC_Get_ack                      0x08001d10   Section        0  sht30.o(i.SHT30_IIC_Get_ack)
    i.SHT30_IIC_NACK                         0x08001d64   Section        0  sht30.o(i.SHT30_IIC_NACK)
    i.SHT30_IIC_SDA_IN                       0x08001d8c   Section        0  sht30.o(i.SHT30_IIC_SDA_IN)
    i.SHT30_IIC_SDA_OUT                      0x08001db0   Section        0  sht30.o(i.SHT30_IIC_SDA_OUT)
    i.SHT30_IIC_read_byte                    0x08001dd4   Section        0  sht30.o(i.SHT30_IIC_read_byte)
    i.SHT30_IIC_start                        0x08001e48   Section        0  sht30.o(i.SHT30_IIC_start)
    i.SHT30_IIC_stop                         0x08001e7c   Section        0  sht30.o(i.SHT30_IIC_stop)
    i.SHT30_IIC_write_byte                   0x08001eb0   Section        0  sht30.o(i.SHT30_IIC_write_byte)
    i.SHT30_Init                             0x08001f08   Section        0  sht30.o(i.SHT30_Init)
    i.SHT30_Read_Humiture                    0x08001f48   Section        0  sht30.o(i.SHT30_Read_Humiture)
    i.SHT3X_CRC                              0x08002068   Section        0  sht30.o(i.SHT3X_CRC)
    i.SVC_Handler                            0x080020a2   Section        0  stm32f10x_it.o(i.SVC_Handler)
    i.SetSysClock                            0x080020a4   Section        0  system_stm32f10x.o(i.SetSysClock)
    SetSysClock                              0x080020a5   Thumb Code     8  system_stm32f10x.o(i.SetSysClock)
    i.SetSysClockTo72                        0x080020ac   Section        0  system_stm32f10x.o(i.SetSysClockTo72)
    SetSysClockTo72                          0x080020ad   Thumb Code   214  system_stm32f10x.o(i.SetSysClockTo72)
    i.SysTick_Handler                        0x0800218c   Section        0  stm32f10x_it.o(i.SysTick_Handler)
    i.SystemInit                             0x08002190   Section        0  system_stm32f10x.o(i.SystemInit)
    i.USART1_IRQHandler                      0x080021f0   Section        0  usart.o(i.USART1_IRQHandler)
    i.USART2_IRQHandler                      0x08002210   Section        0  usart.o(i.USART2_IRQHandler)
    i.USART_Cmd                              0x08002258   Section        0  stm32f10x_usart.o(i.USART_Cmd)
    i.USART_GetITStatus                      0x08002270   Section        0  stm32f10x_usart.o(i.USART_GetITStatus)
    i.USART_ITConfig                         0x080022c4   Section        0  stm32f10x_usart.o(i.USART_ITConfig)
    i.USART_Init                             0x08002310   Section        0  stm32f10x_usart.o(i.USART_Init)
    i.USART_ReceiveData                      0x080023e8   Section        0  stm32f10x_usart.o(i.USART_ReceiveData)
    i.Uart1_SendChar                         0x080023f4   Section        0  usart.o(i.Uart1_SendChar)
    i.Uart2_SendStr                          0x08002410   Section        0  usart.o(i.Uart2_SendStr)
    i.UsageFault_Handler                     0x08002438   Section        0  stm32f10x_it.o(i.UsageFault_Handler)
    i.Wifi_Init                              0x0800243c   Section        0  wifi.o(i.Wifi_Init)
    i.__ARM_fpclassify                       0x08002830   Section        0  fpclassify.o(i.__ARM_fpclassify)
    i.__kernel_poly                          0x08002858   Section        0  poly.o(i.__kernel_poly)
    i.__mathlib_dbl_divzero                  0x08002904   Section        0  dunder.o(i.__mathlib_dbl_divzero)
    i.__mathlib_dbl_infnan2                  0x08002914   Section        0  dunder.o(i.__mathlib_dbl_infnan2)
    i.__mathlib_dbl_invalid                  0x08002918   Section        0  dunder.o(i.__mathlib_dbl_invalid)
    i.__mathlib_dbl_overflow                 0x08002924   Section        0  dunder.o(i.__mathlib_dbl_overflow)
    i.__mathlib_dbl_underflow                0x08002934   Section        0  dunder.o(i.__mathlib_dbl_underflow)
    i._sys_exit                              0x08002944   Section        0  usart.o(i._sys_exit)
    i.bh_data_read                           0x08002948   Section        0  bh1750.o(i.bh_data_read)
    i.bh_data_send                           0x0800297a   Section        0  bh1750.o(i.bh_data_send)
    i.delay_ms                               0x080029a2   Section        0  delay.o(i.delay_ms)
    i.delay_us                               0x080029ba   Section        0  delay.o(i.delay_us)
    i.fputc                                  0x080029e8   Section        0  usart.o(i.fputc)
    i.main                                   0x08002a04   Section        0  main.o(i.main)
    i.pow                                    0x0800348c   Section        0  pow.o(i.pow)
    i.sqrt                                   0x08003e64   Section        0  sqrt.o(i.sqrt)
    i.uart2_init                             0x08003eb0   Section        0  usart.o(i.uart2_init)
    i.uart_init                              0x08003f54   Section        0  usart.o(i.uart_init)
    locale$$code                             0x08003ff4   Section       44  lc_ctype_c.o(locale$$code)
    x$fpl$d2f                                0x08004020   Section       98  d2f.o(x$fpl$d2f)
    x$fpl$dadd                               0x08004084   Section      336  daddsub_clz.o(x$fpl$dadd)
    _dadd1                                   0x08004095   Thumb Code     0  daddsub_clz.o(x$fpl$dadd)
    x$fpl$dcheck1                            0x080041d4   Section       16  dcheck1.o(x$fpl$dcheck1)
    x$fpl$dcmpinf                            0x080041e4   Section       24  dcmpi.o(x$fpl$dcmpinf)
    x$fpl$ddiv                               0x080041fc   Section      688  ddiv.o(x$fpl$ddiv)
    ddiv_entry                               0x08004203   Thumb Code     0  ddiv.o(x$fpl$ddiv)
    x$fpl$dfixu                              0x080044ac   Section       90  dfixu.o(x$fpl$dfixu)
    x$fpl$dflt                               0x08004506   Section       46  dflt_clz.o(x$fpl$dflt)
    x$fpl$dleqf                              0x08004534   Section      120  dleqf.o(x$fpl$dleqf)
    x$fpl$dmul                               0x080045ac   Section      340  dmul.o(x$fpl$dmul)
    x$fpl$dnaninf                            0x08004700   Section      156  dnaninf.o(x$fpl$dnaninf)
    x$fpl$dretinf                            0x0800479c   Section       12  dretinf.o(x$fpl$dretinf)
    x$fpl$drleqf                             0x080047a8   Section      108  drleqf.o(x$fpl$drleqf)
    x$fpl$drsb                               0x08004814   Section       22  daddsub_clz.o(x$fpl$drsb)
    x$fpl$dsqrt                              0x0800482c   Section      460  dsqrt_noumaal.o(x$fpl$dsqrt)
    x$fpl$dsub                               0x080049f8   Section      468  daddsub_clz.o(x$fpl$dsub)
    _dsub1                                   0x08004a09   Thumb Code     0  daddsub_clz.o(x$fpl$dsub)
    x$fpl$f2d                                0x08004bcc   Section       86  f2d.o(x$fpl$f2d)
    x$fpl$fadd                               0x08004c24   Section      196  faddsub_clz.o(x$fpl$fadd)
    _fadd1                                   0x08004c33   Thumb Code     0  faddsub_clz.o(x$fpl$fadd)
    x$fpl$fcmpinf                            0x08004ce8   Section       24  fcmpi.o(x$fpl$fcmpinf)
    x$fpl$fdiv                               0x08004d00   Section      388  fdiv.o(x$fpl$fdiv)
    _fdiv1                                   0x08004d01   Thumb Code     0  fdiv.o(x$fpl$fdiv)
    x$fpl$ffix                               0x08004e84   Section       54  ffix.o(x$fpl$ffix)
    x$fpl$ffixu                              0x08004ebc   Section       62  ffixu.o(x$fpl$ffixu)
    x$fpl$ffltu                              0x08004efc   Section       38  fflt_clz.o(x$fpl$ffltu)
    x$fpl$fleqf                              0x08004f24   Section      104  fleqf.o(x$fpl$fleqf)
    x$fpl$fmul                               0x08004f8c   Section      258  fmul.o(x$fpl$fmul)
    x$fpl$fnaninf                            0x0800508e   Section      140  fnaninf.o(x$fpl$fnaninf)
    x$fpl$fretinf                            0x0800511a   Section       10  fretinf.o(x$fpl$fretinf)
    x$fpl$frleqf                             0x08005124   Section       98  frleqf.o(x$fpl$frleqf)
    x$fpl$fsub                               0x08005188   Section      234  faddsub_clz.o(x$fpl$fsub)
    _fsub1                                   0x08005197   Thumb Code     0  faddsub_clz.o(x$fpl$fsub)
    x$fpl$retnan                             0x08005272   Section      100  retnan.o(x$fpl$retnan)
    x$fpl$scalbn                             0x080052d6   Section       92  scalbn.o(x$fpl$scalbn)
    x$fpl$trapveneer                         0x08005332   Section       48  trapv.o(x$fpl$trapveneer)
    .constdata                               0x08005362   Section     1520  oled.o(.constdata)
    x$fpl$usenofp                            0x08005362   Section        0  usenofp.o(x$fpl$usenofp)
    .constdata                               0x08005958   Section      136  pow.o(.constdata)
    bp                                       0x08005958   Data          16  pow.o(.constdata)
    dp_h                                     0x08005968   Data          16  pow.o(.constdata)
    dp_l                                     0x08005978   Data          16  pow.o(.constdata)
    L                                        0x08005988   Data          48  pow.o(.constdata)
    P                                        0x080059b8   Data          40  pow.o(.constdata)
    .constdata                               0x080059e0   Section        8  qnan.o(.constdata)
    .conststring                             0x080059e8   Section      409  wifi.o(.conststring)
    locale$$data                             0x08005ba4   Section      272  lc_ctype_c.o(locale$$data)
    __lcctype_c_name                         0x08005ba8   Data           2  lc_ctype_c.o(locale$$data)
    __lcctype_c_start                        0x08005bb0   Data           0  lc_ctype_c.o(locale$$data)
    __lcctype_c_end                          0x08005cb4   Data           0  lc_ctype_c.o(locale$$data)
    .data                                    0x20000000   Section       20  stm32f10x_rcc.o(.data)
    APBAHBPrescTable                         0x20000000   Data          16  stm32f10x_rcc.o(.data)
    ADCPrescTable                            0x20000010   Data           4  stm32f10x_rcc.o(.data)
    .data                                    0x20000014   Section        5  usart.o(.data)
    .data                                    0x20000019   Section        1  motor.o(.data)
    motor_state                              0x20000019   Data           1  motor.o(.data)
    .data                                    0x2000001a   Section       10  wifi.o(.data)
    .data                                    0x20000024   Section       26  main.o(.data)
    .bss                                     0x20000040   Section      712  usart.o(.bss)
    .bss                                     0x20000308   Section      256  wifi.o(.bss)
    .bss                                     0x20000408   Section       96  libspace.o(.bss)
    HEAP                                     0x20000468   Section      512  startup_stm32f10x_md.o(HEAP)
    Heap_Mem                                 0x20000468   Data         512  startup_stm32f10x_md.o(HEAP)
    STACK                                    0x20000668   Section     1024  startup_stm32f10x_md.o(STACK)
    Stack_Mem                                0x20000668   Data        1024  startup_stm32f10x_md.o(STACK)
    __initial_sp                             0x20000a68   Data           0  startup_stm32f10x_md.o(STACK)

    Global Symbols

    Symbol Name                              Value     Ov Type        Size  Object(Section)

    BuildAttributes$$THM_ISAv4$P$D$K$B$S$PE$A:L22UL41UL21$X:L11$S22US41US21$IEEE1$IW$USESV6$~STKCKD$USESV7$~SHL$OTIME$ROPI$IEEEX$EBA8$UX$STANDARDLIB$REQ8$PRES8$EABIv2 0x00000000   Number         0  anon$$obj.o ABSOLUTE
    __ARM_use_no_argv                        0x00000000   Number         0  main.o ABSOLUTE
    __ARM_exceptions_init                     - Undefined Weak Reference
    __alloca_initialize                       - Undefined Weak Reference
    __arm_preinit_                            - Undefined Weak Reference
    __cpp_initialize__aeabi_                  - Undefined Weak Reference
    __cxa_finalize                            - Undefined Weak Reference
    __sigvec_lookup                           - Undefined Weak Reference
    _atexit_init                              - Undefined Weak Reference
    _call_atexit_fns                          - Undefined Weak Reference
    _clock_init                               - Undefined Weak Reference
    _fp_trap_init                             - Undefined Weak Reference
    _fp_trap_shutdown                         - Undefined Weak Reference
    _get_lc_collate                           - Undefined Weak Reference
    _get_lc_monetary                          - Undefined Weak Reference
    _get_lc_numeric                           - Undefined Weak Reference
    _get_lc_time                              - Undefined Weak Reference
    _getenv_init                              - Undefined Weak Reference
    _handle_redirection                       - Undefined Weak Reference
    _init_alloc                               - Undefined Weak Reference
    _init_user_alloc                          - Undefined Weak Reference
    _initio                                   - Undefined Weak Reference
    _mutex_acquire                            - Undefined Weak Reference
    _mutex_release                            - Undefined Weak Reference
    _printf_mbtowc                            - Undefined Weak Reference
    _printf_post_padding                      - Undefined Weak Reference
    _printf_pre_padding                       - Undefined Weak Reference
    _printf_truncate_signed                   - Undefined Weak Reference
    _printf_truncate_unsigned                 - Undefined Weak Reference
    _rand_init                                - Undefined Weak Reference
    _signal_finish                            - Undefined Weak Reference
    _signal_init                              - Undefined Weak Reference
    _terminate_alloc                          - Undefined Weak Reference
    _terminate_user_alloc                     - Undefined Weak Reference
    _terminateio                              - Undefined Weak Reference
    __Vectors_Size                           0x000000ec   Number         0  startup_stm32f10x_md.o ABSOLUTE
    __Vectors                                0x08000000   Data           4  startup_stm32f10x_md.o(RESET)
    __Vectors_End                            0x080000ec   Data           0  startup_stm32f10x_md.o(RESET)
    __main                                   0x080000ed   Thumb Code     8  __main.o(!!!main)
    __scatterload                            0x080000f5   Thumb Code     0  __scatter.o(!!!scatter)
    __scatterload_rt2                        0x080000f5   Thumb Code    44  __scatter.o(!!!scatter)
    __scatterload_rt2_thumb_only             0x080000f5   Thumb Code     0  __scatter.o(!!!scatter)
    __scatterload_null                       0x08000103   Thumb Code     0  __scatter.o(!!!scatter)
    __scatterload_copy                       0x08000129   Thumb Code    26  __scatter_copy.o(!!handler_copy)
    __scatterload_zeroinit                   0x08000145   Thumb Code    28  __scatter_zi.o(!!handler_zi)
    _printf_d                                0x08000161   Thumb Code     0  _printf_d.o(.ARM.Collect$$_printf_percent$$00000009)
    _printf_percent                          0x08000161   Thumb Code     0  _printf_percent.o(.ARM.Collect$$_printf_percent$$00000000)
    _printf_s                                0x08000167   Thumb Code     0  _printf_s.o(.ARM.Collect$$_printf_percent$$00000014)
    _printf_percent_end                      0x0800016d   Thumb Code     0  _printf_percent_end.o(.ARM.Collect$$_printf_percent$$00000017)
    __rt_lib_init                            0x08000171   Thumb Code     0  libinit.o(.ARM.Collect$$libinit$$00000000)
    __rt_lib_init_fp_1                       0x08000173   Thumb Code     0  libinit2.o(.ARM.Collect$$libinit$$00000002)
    __rt_lib_init_heap_1                     0x08000173   Thumb Code     0  libinit2.o(.ARM.Collect$$libinit$$0000000A)
    __rt_lib_init_lc_common                  0x08000173   Thumb Code     0  libinit2.o(.ARM.Collect$$libinit$$0000000F)
    __rt_lib_init_preinit_1                  0x08000173   Thumb Code     0  libinit2.o(.ARM.Collect$$libinit$$00000004)
    __rt_lib_init_rand_1                     0x08000173   Thumb Code     0  libinit2.o(.ARM.Collect$$libinit$$0000000E)
    __rt_lib_init_user_alloc_1               0x08000173   Thumb Code     0  libinit2.o(.ARM.Collect$$libinit$$0000000C)
    __rt_lib_init_lc_collate_1               0x08000179   Thumb Code     0  libinit2.o(.ARM.Collect$$libinit$$00000011)
    __rt_lib_init_lc_ctype_2                 0x08000179   Thumb Code     0  libinit2.o(.ARM.Collect$$libinit$$00000012)
    __rt_lib_init_alloca_1                   0x08000185   Thumb Code     0  libinit2.o(.ARM.Collect$$libinit$$0000002E)
    __rt_lib_init_argv_1                     0x08000185   Thumb Code     0  libinit2.o(.ARM.Collect$$libinit$$0000002C)
    __rt_lib_init_atexit_1                   0x08000185   Thumb Code     0  libinit2.o(.ARM.Collect$$libinit$$0000001B)
    __rt_lib_init_clock_1                    0x08000185   Thumb Code     0  libinit2.o(.ARM.Collect$$libinit$$00000021)
    __rt_lib_init_cpp_1                      0x08000185   Thumb Code     0  libinit2.o(.ARM.Collect$$libinit$$00000032)
    __rt_lib_init_exceptions_1               0x08000185   Thumb Code     0  libinit2.o(.ARM.Collect$$libinit$$00000030)
    __rt_lib_init_fp_trap_1                  0x08000185   Thumb Code     0  libinit2.o(.ARM.Collect$$libinit$$0000001F)
    __rt_lib_init_getenv_1                   0x08000185   Thumb Code     0  libinit2.o(.ARM.Collect$$libinit$$00000023)
    __rt_lib_init_lc_ctype_1                 0x08000185   Thumb Code     0  libinit2.o(.ARM.Collect$$libinit$$00000013)
    __rt_lib_init_lc_monetary_1              0x08000185   Thumb Code     0  libinit2.o(.ARM.Collect$$libinit$$00000015)
    __rt_lib_init_lc_numeric_1               0x08000185   Thumb Code     0  libinit2.o(.ARM.Collect$$libinit$$00000017)
    __rt_lib_init_lc_time_1                  0x08000185   Thumb Code     0  libinit2.o(.ARM.Collect$$libinit$$00000019)
    __rt_lib_init_return                     0x08000185   Thumb Code     0  libinit2.o(.ARM.Collect$$libinit$$00000033)
    __rt_lib_init_signal_1                   0x08000185   Thumb Code     0  libinit2.o(.ARM.Collect$$libinit$$0000001D)
    __rt_lib_init_stdio_1                    0x08000185   Thumb Code     0  libinit2.o(.ARM.Collect$$libinit$$00000025)
    __rt_lib_shutdown                        0x08000187   Thumb Code     0  libshutdown.o(.ARM.Collect$$libshutdown$$00000000)
    __rt_lib_shutdown_cpp_1                  0x08000189   Thumb Code     0  libshutdown2.o(.ARM.Collect$$libshutdown$$00000002)
    __rt_lib_shutdown_fp_trap_1              0x08000189   Thumb Code     0  libshutdown2.o(.ARM.Collect$$libshutdown$$00000007)
    __rt_lib_shutdown_heap_1                 0x08000189   Thumb Code     0  libshutdown2.o(.ARM.Collect$$libshutdown$$0000000F)
    __rt_lib_shutdown_return                 0x08000189   Thumb Code     0  libshutdown2.o(.ARM.Collect$$libshutdown$$00000010)
    __rt_lib_shutdown_signal_1               0x08000189   Thumb Code     0  libshutdown2.o(.ARM.Collect$$libshutdown$$0000000A)
    __rt_lib_shutdown_stdio_1                0x08000189   Thumb Code     0  libshutdown2.o(.ARM.Collect$$libshutdown$$00000004)
    __rt_lib_shutdown_user_alloc_1           0x08000189   Thumb Code     0  libshutdown2.o(.ARM.Collect$$libshutdown$$0000000C)
    __rt_entry                               0x0800018b   Thumb Code     0  __rtentry.o(.ARM.Collect$$rtentry$$00000000)
    __rt_entry_presh_1                       0x0800018b   Thumb Code     0  __rtentry2.o(.ARM.Collect$$rtentry$$00000002)
    __rt_entry_sh                            0x0800018b   Thumb Code     0  __rtentry4.o(.ARM.Collect$$rtentry$$00000004)
    __rt_entry_li                            0x08000191   Thumb Code     0  __rtentry2.o(.ARM.Collect$$rtentry$$0000000A)
    __rt_entry_postsh_1                      0x08000191   Thumb Code     0  __rtentry2.o(.ARM.Collect$$rtentry$$00000009)
    __rt_entry_main                          0x08000195   Thumb Code     0  __rtentry2.o(.ARM.Collect$$rtentry$$0000000D)
    __rt_entry_postli_1                      0x08000195   Thumb Code     0  __rtentry2.o(.ARM.Collect$$rtentry$$0000000C)
    __rt_exit                                0x0800019d   Thumb Code     0  rtexit.o(.ARM.Collect$$rtexit$$00000000)
    __rt_exit_ls                             0x0800019f   Thumb Code     0  rtexit2.o(.ARM.Collect$$rtexit$$00000003)
    __rt_exit_prels_1                        0x0800019f   Thumb Code     0  rtexit2.o(.ARM.Collect$$rtexit$$00000002)
    __rt_exit_exit                           0x080001a3   Thumb Code     0  rtexit2.o(.ARM.Collect$$rtexit$$00000004)
    Reset_Handler                            0x080001a9   Thumb Code     8  startup_stm32f10x_md.o(.text)
    ADC1_2_IRQHandler                        0x080001c3   Thumb Code     0  startup_stm32f10x_md.o(.text)
    CAN1_RX1_IRQHandler                      0x080001c3   Thumb Code     0  startup_stm32f10x_md.o(.text)
    CAN1_SCE_IRQHandler                      0x080001c3   Thumb Code     0  startup_stm32f10x_md.o(.text)
    DMA1_Channel1_IRQHandler                 0x080001c3   Thumb Code     0  startup_stm32f10x_md.o(.text)
    DMA1_Channel2_IRQHandler                 0x080001c3   Thumb Code     0  startup_stm32f10x_md.o(.text)
    DMA1_Channel3_IRQHandler                 0x080001c3   Thumb Code     0  startup_stm32f10x_md.o(.text)
    DMA1_Channel4_IRQHandler                 0x080001c3   Thumb Code     0  startup_stm32f10x_md.o(.text)
    DMA1_Channel5_IRQHandler                 0x080001c3   Thumb Code     0  startup_stm32f10x_md.o(.text)
    DMA1_Channel6_IRQHandler                 0x080001c3   Thumb Code     0  startup_stm32f10x_md.o(.text)
    DMA1_Channel7_IRQHandler                 0x080001c3   Thumb Code     0  startup_stm32f10x_md.o(.text)
    EXTI0_IRQHandler                         0x080001c3   Thumb Code     0  startup_stm32f10x_md.o(.text)
    EXTI15_10_IRQHandler                     0x080001c3   Thumb Code     0  startup_stm32f10x_md.o(.text)
    EXTI1_IRQHandler                         0x080001c3   Thumb Code     0  startup_stm32f10x_md.o(.text)
    EXTI2_IRQHandler                         0x080001c3   Thumb Code     0  startup_stm32f10x_md.o(.text)
    EXTI3_IRQHandler                         0x080001c3   Thumb Code     0  startup_stm32f10x_md.o(.text)
    EXTI4_IRQHandler                         0x080001c3   Thumb Code     0  startup_stm32f10x_md.o(.text)
    EXTI9_5_IRQHandler                       0x080001c3   Thumb Code     0  startup_stm32f10x_md.o(.text)
    FLASH_IRQHandler                         0x080001c3   Thumb Code     0  startup_stm32f10x_md.o(.text)
    I2C1_ER_IRQHandler                       0x080001c3   Thumb Code     0  startup_stm32f10x_md.o(.text)
    I2C1_EV_IRQHandler                       0x080001c3   Thumb Code     0  startup_stm32f10x_md.o(.text)
    I2C2_ER_IRQHandler                       0x080001c3   Thumb Code     0  startup_stm32f10x_md.o(.text)
    I2C2_EV_IRQHandler                       0x080001c3   Thumb Code     0  startup_stm32f10x_md.o(.text)
    PVD_IRQHandler                           0x080001c3   Thumb Code     0  startup_stm32f10x_md.o(.text)
    RCC_IRQHandler                           0x080001c3   Thumb Code     0  startup_stm32f10x_md.o(.text)
    RTCAlarm_IRQHandler                      0x080001c3   Thumb Code     0  startup_stm32f10x_md.o(.text)
    RTC_IRQHandler                           0x080001c3   Thumb Code     0  startup_stm32f10x_md.o(.text)
    SPI1_IRQHandler                          0x080001c3   Thumb Code     0  startup_stm32f10x_md.o(.text)
    SPI2_IRQHandler                          0x080001c3   Thumb Code     0  startup_stm32f10x_md.o(.text)
    TAMPER_IRQHandler                        0x080001c3   Thumb Code     0  startup_stm32f10x_md.o(.text)
    TIM1_BRK_IRQHandler                      0x080001c3   Thumb Code     0  startup_stm32f10x_md.o(.text)
    TIM1_CC_IRQHandler                       0x080001c3   Thumb Code     0  startup_stm32f10x_md.o(.text)
    TIM1_TRG_COM_IRQHandler                  0x080001c3   Thumb Code     0  startup_stm32f10x_md.o(.text)
    TIM1_UP_IRQHandler                       0x080001c3   Thumb Code     0  startup_stm32f10x_md.o(.text)
    TIM2_IRQHandler                          0x080001c3   Thumb Code     0  startup_stm32f10x_md.o(.text)
    TIM3_IRQHandler                          0x080001c3   Thumb Code     0  startup_stm32f10x_md.o(.text)
    TIM4_IRQHandler                          0x080001c3   Thumb Code     0  startup_stm32f10x_md.o(.text)
    USART3_IRQHandler                        0x080001c3   Thumb Code     0  startup_stm32f10x_md.o(.text)
    USBWakeUp_IRQHandler                     0x080001c3   Thumb Code     0  startup_stm32f10x_md.o(.text)
    USB_HP_CAN1_TX_IRQHandler                0x080001c3   Thumb Code     0  startup_stm32f10x_md.o(.text)
    USB_LP_CAN1_RX0_IRQHandler               0x080001c3   Thumb Code     0  startup_stm32f10x_md.o(.text)
    WWDG_IRQHandler                          0x080001c3   Thumb Code     0  startup_stm32f10x_md.o(.text)
    __user_initial_stackheap                 0x080001c5   Thumb Code     0  startup_stm32f10x_md.o(.text)
    __use_no_semihosting                     0x080001e9   Thumb Code     2  use_no_semi_2.o(.text)
    __2printf                                0x080001ed   Thumb Code    20  noretval__2printf.o(.text)
    __2sprintf                               0x08000205   Thumb Code    34  noretval__2sprintf.o(.text)
    __printf                                 0x0800022d   Thumb Code   104  __printf.o(.text)
    _printf_str                              0x08000295   Thumb Code    82  _printf_str.o(.text)
    _printf_int_dec                          0x080002e9   Thumb Code   104  _printf_dec.o(.text)
    atoi                                     0x08000361   Thumb Code    26  atoi.o(.text)
    strchr                                   0x0800037b   Thumb Code    20  strchr.o(.text)
    strstr                                   0x0800038f   Thumb Code    36  strstr.o(.text)
    __aeabi_memcpy                           0x080003b3   Thumb Code     0  rt_memcpy_v6.o(.text)
    __rt_memcpy                              0x080003b3   Thumb Code   138  rt_memcpy_v6.o(.text)
    _memcpy_lastbytes                        0x08000419   Thumb Code     0  rt_memcpy_v6.o(.text)
    __aeabi_memclr                           0x0800043d   Thumb Code     0  rt_memclr.o(.text)
    __rt_memclr                              0x0800043d   Thumb Code    68  rt_memclr.o(.text)
    _memset                                  0x08000441   Thumb Code     0  rt_memclr.o(.text)
    __aeabi_memclr4                          0x08000481   Thumb Code     0  rt_memclr_w.o(.text)
    __aeabi_memclr8                          0x08000481   Thumb Code     0  rt_memclr_w.o(.text)
    __rt_memclr_w                            0x08000481   Thumb Code    78  rt_memclr_w.o(.text)
    _memset_w                                0x08000485   Thumb Code     0  rt_memclr_w.o(.text)
    strncpy                                  0x080004cf   Thumb Code    86  strncpy.o(.text)
    __use_two_region_memory                  0x08000525   Thumb Code     2  heapauxi.o(.text)
    __rt_heap_escrow$2region                 0x08000527   Thumb Code     2  heapauxi.o(.text)
    __rt_heap_expand$2region                 0x08000529   Thumb Code     2  heapauxi.o(.text)
    __I$use$semihosting                      0x0800052b   Thumb Code     0  use_no_semi.o(.text)
    __use_no_semihosting_swi                 0x0800052b   Thumb Code     2  use_no_semi.o(.text)
    __aeabi_errno_addr                       0x0800052d   Thumb Code     8  rt_errno_addr_intlibspace.o(.text)
    __errno$intlibspace                      0x0800052d   Thumb Code     0  rt_errno_addr_intlibspace.o(.text)
    __rt_errno_addr$intlibspace              0x0800052d   Thumb Code     0  rt_errno_addr_intlibspace.o(.text)
    __read_errno                             0x08000535   Thumb Code    10  _rserrno.o(.text)
    __set_errno                              0x0800053f   Thumb Code    12  _rserrno.o(.text)
    _printf_int_common                       0x0800054b   Thumb Code   178  _printf_intcommon.o(.text)
    _printf_char_common                      0x08000607   Thumb Code    32  _printf_char_common.o(.text)
    _sputc                                   0x0800062d   Thumb Code    10  _sputc.o(.text)
    _printf_cs_common                        0x08000637   Thumb Code    20  _printf_char.o(.text)
    _printf_char                             0x0800064b   Thumb Code    16  _printf_char.o(.text)
    _printf_string                           0x0800065b   Thumb Code     8  _printf_char.o(.text)
    _printf_char_file                        0x08000665   Thumb Code    32  _printf_char_file.o(.text)
    strtol                                   0x08000689   Thumb Code   112  strtol.o(.text)
    __aeabi_memcpy4                          0x080006f9   Thumb Code     0  rt_memcpy_w.o(.text)
    __aeabi_memcpy8                          0x080006f9   Thumb Code     0  rt_memcpy_w.o(.text)
    __rt_memcpy_w                            0x080006f9   Thumb Code   100  rt_memcpy_w.o(.text)
    _memcpy_lastbytes_aligned                0x08000741   Thumb Code     0  rt_memcpy_w.o(.text)
    __user_libspace                          0x0800075d   Thumb Code     8  libspace.o(.text)
    __user_perproc_libspace                  0x0800075d   Thumb Code     0  libspace.o(.text)
    __user_perthread_libspace                0x0800075d   Thumb Code     0  libspace.o(.text)
    __rt_ctype_table                         0x08000765   Thumb Code    16  rt_ctype_table.o(.text)
    _strtoul                                 0x08000775   Thumb Code   158  _strtoul.o(.text)
    ferror                                   0x08000813   Thumb Code     8  ferror.o(.text)
    __user_setup_stackheap                   0x0800081b   Thumb Code    74  sys_stackheap_outer.o(.text)
    __rt_locale                              0x08000865   Thumb Code     8  rt_locale_intlibspace.o(.text)
    _chval                                   0x0800086d   Thumb Code    28  _chval.o(.text)
    exit                                     0x08000889   Thumb Code    18  exit.o(.text)
    strcmp                                   0x0800089d   Thumb Code   128  strcmpv7m.o(.text)
    ADC_Cmd                                  0x0800091d   Thumb Code    22  stm32f10x_adc.o(i.ADC_Cmd)
    ADC_GetCalibrationStatus                 0x08000933   Thumb Code    20  stm32f10x_adc.o(i.ADC_GetCalibrationStatus)
    ADC_GetConversionValue                   0x08000947   Thumb Code     8  stm32f10x_adc.o(i.ADC_GetConversionValue)
    ADC_GetFlagStatus                        0x0800094f   Thumb Code    18  stm32f10x_adc.o(i.ADC_GetFlagStatus)
    ADC_GetResetCalibrationStatus            0x08000961   Thumb Code    20  stm32f10x_adc.o(i.ADC_GetResetCalibrationStatus)
    ADC_GetValue                             0x08000975   Thumb Code    48  adcx.o(i.ADC_GetValue)
    ADC_Init                                 0x080009a9   Thumb Code    70  stm32f10x_adc.o(i.ADC_Init)
    ADC_RegularChannelConfig                 0x080009f9   Thumb Code   184  stm32f10x_adc.o(i.ADC_RegularChannelConfig)
    ADC_ResetCalibration                     0x08000ab1   Thumb Code    10  stm32f10x_adc.o(i.ADC_ResetCalibration)
    ADC_SoftwareStartConvCmd                 0x08000abb   Thumb Code    22  stm32f10x_adc.o(i.ADC_SoftwareStartConvCmd)
    ADC_StartCalibration                     0x08000ad1   Thumb Code    10  stm32f10x_adc.o(i.ADC_StartCalibration)
    ADCx_Init                                0x08000add   Thumb Code   104  adcx.o(i.ADCx_Init)
    AT_write                                 0x08000b49   Thumb Code    28  wifi.o(i.AT_write)
    BEEP_Init                                0x08000b6d   Thumb Code    46  beep.o(i.BEEP_Init)
    BEEP_OFF                                 0x08000ba1   Thumb Code    12  beep.o(i.BEEP_OFF)
    BEEP_ON                                  0x08000bb1   Thumb Code    12  beep.o(i.BEEP_ON)
    BH1750_IIC_Ack                           0x08000bc1   Thumb Code    48  bh1750.o(i.BH1750_IIC_Ack)
    BH1750_IIC_NAck                          0x08000bf9   Thumb Code    48  bh1750.o(i.BH1750_IIC_NAck)
    BH1750_IIC_Read_Byte                     0x08000c31   Thumb Code    80  bh1750.o(i.BH1750_IIC_Read_Byte)
    BH1750_IIC_Send_Byte                     0x08000c89   Thumb Code    86  bh1750.o(i.BH1750_IIC_Send_Byte)
    BH1750_IIC_Start                         0x08000ce9   Thumb Code    46  bh1750.o(i.BH1750_IIC_Start)
    BH1750_IIC_Stop                          0x08000d21   Thumb Code    44  bh1750.o(i.BH1750_IIC_Stop)
    BH1750_IIC_Wait_Ack                      0x08000d55   Thumb Code    68  bh1750.o(i.BH1750_IIC_Wait_Ack)
    BH1750_Init                              0x08000da1   Thumb Code    68  bh1750.o(i.BH1750_Init)
    BusFault_Handler                         0x08000de9   Thumb Code     4  stm32f10x_it.o(i.BusFault_Handler)
    CParsejson                               0x08000ded   Thumb Code   490  wifi.o(i.CParsejson)
    Clear_Buffer                             0x08001159   Thumb Code    20  wifi.o(i.Clear_Buffer)
    DebugMon_Handler                         0x08001175   Thumb Code     2  stm32f10x_it.o(i.DebugMon_Handler)
    GPIO_Init                                0x08001177   Thumb Code   278  stm32f10x_gpio.o(i.GPIO_Init)
    GPIO_PinRemapConfig                      0x0800128d   Thumb Code   138  stm32f10x_gpio.o(i.GPIO_PinRemapConfig)
    GPIO_ReadInputDataBit                    0x0800131d   Thumb Code    18  stm32f10x_gpio.o(i.GPIO_ReadInputDataBit)
    GPIO_ResetBits                           0x0800132f   Thumb Code     4  stm32f10x_gpio.o(i.GPIO_ResetBits)
    GPIO_SetBits                             0x08001333   Thumb Code     4  stm32f10x_gpio.o(i.GPIO_SetBits)
    GPIO_WriteBit                            0x08001337   Thumb Code    10  stm32f10x_gpio.o(i.GPIO_WriteBit)
    HUAIWEI_PUBdata                          0x08001341   Thumb Code    56  wifi.o(i.HUAIWEI_PUBdata)
    HUAIWEI_PUBstr                           0x08001389   Thumb Code    56  wifi.o(i.HUAIWEI_PUBstr)
    HUAIWEI_RECEVICEcmd                      0x080013d1   Thumb Code    74  wifi.o(i.HUAIWEI_RECEVICEcmd)
    HardFault_Handler                        0x08001441   Thumb Code     4  stm32f10x_it.o(i.HardFault_Handler)
    Key_GetNum                               0x08001445   Thumb Code   206  key.o(i.Key_GetNum)
    Key_Init                                 0x0800151d   Thumb Code   106  key.o(i.Key_Init)
    LED1_OFF                                 0x08001591   Thumb Code    12  led.o(i.LED1_OFF)
    LED1_ON                                  0x080015a1   Thumb Code    12  led.o(i.LED1_ON)
    LED2_OFF                                 0x080015b1   Thumb Code    12  led.o(i.LED2_OFF)
    LED2_ON                                  0x080015c1   Thumb Code    12  led.o(i.LED2_ON)
    LED_Init                                 0x080015d1   Thumb Code    46  led.o(i.LED_Init)
    MQ135_ADC_Read                           0x08001605   Thumb Code    12  mq135.o(i.MQ135_ADC_Read)
    MQ135_GetData_PPM                        0x08001611   Thumb Code   198  mq135.o(i.MQ135_GetData_PPM)
    MQ135_Init                               0x080016ed   Thumb Code    36  mq135.o(i.MQ135_Init)
    MemManage_Handler                        0x08001715   Thumb Code     4  stm32f10x_it.o(i.MemManage_Handler)
    Motor_Init                               0x08001719   Thumb Code    52  motor.o(i.Motor_Init)
    Motor_Off                                0x08001755   Thumb Code    18  motor.o(i.Motor_Off)
    Motor_On                                 0x08001771   Thumb Code    18  motor.o(i.Motor_On)
    NMI_Handler                              0x0800178d   Thumb Code     2  stm32f10x_it.o(i.NMI_Handler)
    NVIC_Init                                0x08001791   Thumb Code   100  misc.o(i.NVIC_Init)
    OLED_Clear                               0x08001801   Thumb Code    42  oled.o(i.OLED_Clear)
    OLED_I2C_Init                            0x0800182d   Thumb Code    76  oled.o(i.OLED_I2C_Init)
    OLED_I2C_SendByte                        0x0800187d   Thumb Code    88  oled.o(i.OLED_I2C_SendByte)
    OLED_I2C_Start                           0x080018d9   Thumb Code    48  oled.o(i.OLED_I2C_Start)
    OLED_I2C_Stop                            0x0800190d   Thumb Code    36  oled.o(i.OLED_I2C_Stop)
    OLED_Init                                0x08001935   Thumb Code   174  oled.o(i.OLED_Init)
    OLED_Pow                                 0x080019e3   Thumb Code    20  oled.o(i.OLED_Pow)
    OLED_SetCursor                           0x080019f7   Thumb Code    34  oled.o(i.OLED_SetCursor)
    OLED_ShowChar                            0x08001a19   Thumb Code   110  oled.o(i.OLED_ShowChar)
    OLED_ShowNum                             0x08001a8d   Thumb Code    68  oled.o(i.OLED_ShowNum)
    OLED_ShowString                          0x08001ad1   Thumb Code    40  oled.o(i.OLED_ShowString)
    OLED_WriteCommand                        0x08001af9   Thumb Code    32  oled.o(i.OLED_WriteCommand)
    OLED_WriteData                           0x08001b19   Thumb Code    32  oled.o(i.OLED_WriteData)
    PendSV_Handler                           0x08001b39   Thumb Code     2  stm32f10x_it.o(i.PendSV_Handler)
    RCC_ADCCLKConfig                         0x08001b3d   Thumb Code    18  stm32f10x_rcc.o(i.RCC_ADCCLKConfig)
    RCC_APB1PeriphClockCmd                   0x08001b55   Thumb Code    26  stm32f10x_rcc.o(i.RCC_APB1PeriphClockCmd)
    RCC_APB2PeriphClockCmd                   0x08001b75   Thumb Code    26  stm32f10x_rcc.o(i.RCC_APB2PeriphClockCmd)
    RCC_GetClocksFreq                        0x08001b95   Thumb Code   192  stm32f10x_rcc.o(i.RCC_GetClocksFreq)
    SDA_IN                                   0x08001c69   Thumb Code    32  bh1750.o(i.SDA_IN)
    SDA_OUT                                  0x08001c8d   Thumb Code    32  bh1750.o(i.SDA_OUT)
    SHT30_CMD                                0x08001cb1   Thumb Code    50  sht30.o(i.SHT30_CMD)
    SHT30_IIC_ACK                            0x08001ce5   Thumb Code    40  sht30.o(i.SHT30_IIC_ACK)
    SHT30_IIC_Get_ack                        0x08001d11   Thumb Code    78  sht30.o(i.SHT30_IIC_Get_ack)
    SHT30_IIC_NACK                           0x08001d65   Thumb Code    34  sht30.o(i.SHT30_IIC_NACK)
    SHT30_IIC_SDA_IN                         0x08001d8d   Thumb Code    30  sht30.o(i.SHT30_IIC_SDA_IN)
    SHT30_IIC_SDA_OUT                        0x08001db1   Thumb Code    30  sht30.o(i.SHT30_IIC_SDA_OUT)
    SHT30_IIC_read_byte                      0x08001dd5   Thumb Code   110  sht30.o(i.SHT30_IIC_read_byte)
    SHT30_IIC_start                          0x08001e49   Thumb Code    48  sht30.o(i.SHT30_IIC_start)
    SHT30_IIC_stop                           0x08001e7d   Thumb Code    48  sht30.o(i.SHT30_IIC_stop)
    SHT30_IIC_write_byte                     0x08001eb1   Thumb Code    84  sht30.o(i.SHT30_IIC_write_byte)
    SHT30_Init                               0x08001f09   Thumb Code    60  sht30.o(i.SHT30_Init)
    SHT30_Read_Humiture                      0x08001f49   Thumb Code   270  sht30.o(i.SHT30_Read_Humiture)
    SHT3X_CRC                                0x08002069   Thumb Code    58  sht30.o(i.SHT3X_CRC)
    SVC_Handler                              0x080020a3   Thumb Code     2  stm32f10x_it.o(i.SVC_Handler)
    SysTick_Handler                          0x0800218d   Thumb Code     2  stm32f10x_it.o(i.SysTick_Handler)
    SystemInit                               0x08002191   Thumb Code    78  system_stm32f10x.o(i.SystemInit)
    USART1_IRQHandler                        0x080021f1   Thumb Code    26  usart.o(i.USART1_IRQHandler)
    USART2_IRQHandler                        0x08002211   Thumb Code    58  usart.o(i.USART2_IRQHandler)
    USART_Cmd                                0x08002259   Thumb Code    24  stm32f10x_usart.o(i.USART_Cmd)
    USART_GetITStatus                        0x08002271   Thumb Code    84  stm32f10x_usart.o(i.USART_GetITStatus)
    USART_ITConfig                           0x080022c5   Thumb Code    74  stm32f10x_usart.o(i.USART_ITConfig)
    USART_Init                               0x08002311   Thumb Code   210  stm32f10x_usart.o(i.USART_Init)
    USART_ReceiveData                        0x080023e9   Thumb Code    10  stm32f10x_usart.o(i.USART_ReceiveData)
    Uart1_SendChar                           0x080023f5   Thumb Code    22  usart.o(i.Uart1_SendChar)
    Uart2_SendStr                            0x08002411   Thumb Code    34  usart.o(i.Uart2_SendStr)
    UsageFault_Handler                       0x08002439   Thumb Code     4  stm32f10x_it.o(i.UsageFault_Handler)
    Wifi_Init                                0x0800243d   Thumb Code   392  wifi.o(i.Wifi_Init)
    __ARM_fpclassify                         0x08002831   Thumb Code    40  fpclassify.o(i.__ARM_fpclassify)
    __kernel_poly                            0x08002859   Thumb Code   170  poly.o(i.__kernel_poly)
    __mathlib_dbl_divzero                    0x08002905   Thumb Code    12  dunder.o(i.__mathlib_dbl_divzero)
    __mathlib_dbl_infnan2                    0x08002915   Thumb Code     4  dunder.o(i.__mathlib_dbl_infnan2)
    __mathlib_dbl_invalid                    0x08002919   Thumb Code    12  dunder.o(i.__mathlib_dbl_invalid)
    __mathlib_dbl_overflow                   0x08002925   Thumb Code    14  dunder.o(i.__mathlib_dbl_overflow)
    __mathlib_dbl_underflow                  0x08002935   Thumb Code    10  dunder.o(i.__mathlib_dbl_underflow)
    _sys_exit                                0x08002945   Thumb Code     4  usart.o(i._sys_exit)
    bh_data_read                             0x08002949   Thumb Code    50  bh1750.o(i.bh_data_read)
    bh_data_send                             0x0800297b   Thumb Code    40  bh1750.o(i.bh_data_send)
    delay_ms                                 0x080029a3   Thumb Code    24  delay.o(i.delay_ms)
    delay_us                                 0x080029bb   Thumb Code    46  delay.o(i.delay_us)
    fputc                                    0x080029e9   Thumb Code    24  usart.o(i.fputc)
    main                                     0x08002a05   Thumb Code  2666  main.o(i.main)
    pow                                      0x0800348d   Thumb Code  2512  pow.o(i.pow)
    sqrt                                     0x08003e65   Thumb Code    76  sqrt.o(i.sqrt)
    uart2_init                               0x08003eb1   Thumb Code   154  usart.o(i.uart2_init)
    uart_init                                0x08003f55   Thumb Code   152  usart.o(i.uart_init)
    _get_lc_ctype                            0x08003ff5   Thumb Code    44  lc_ctype_c.o(locale$$code)
    __aeabi_d2f                              0x08004021   Thumb Code     0  d2f.o(x$fpl$d2f)
    _d2f                                     0x08004021   Thumb Code    98  d2f.o(x$fpl$d2f)
    __aeabi_dadd                             0x08004085   Thumb Code     0  daddsub_clz.o(x$fpl$dadd)
    _dadd                                    0x08004085   Thumb Code   332  daddsub_clz.o(x$fpl$dadd)
    __fpl_dcheck_NaN1                        0x080041d5   Thumb Code    10  dcheck1.o(x$fpl$dcheck1)
    __fpl_dcmp_Inf                           0x080041e5   Thumb Code    24  dcmpi.o(x$fpl$dcmpinf)
    __aeabi_ddiv                             0x080041fd   Thumb Code     0  ddiv.o(x$fpl$ddiv)
    _ddiv                                    0x080041fd   Thumb Code   552  ddiv.o(x$fpl$ddiv)
    __aeabi_d2uiz                            0x080044ad   Thumb Code     0  dfixu.o(x$fpl$dfixu)
    _dfixu                                   0x080044ad   Thumb Code    90  dfixu.o(x$fpl$dfixu)
    __aeabi_i2d                              0x08004507   Thumb Code     0  dflt_clz.o(x$fpl$dflt)
    _dflt                                    0x08004507   Thumb Code    46  dflt_clz.o(x$fpl$dflt)
    __aeabi_cdcmple                          0x08004535   Thumb Code     0  dleqf.o(x$fpl$dleqf)
    _dcmple                                  0x08004535   Thumb Code   120  dleqf.o(x$fpl$dleqf)
    __fpl_dcmple_InfNaN                      0x08004597   Thumb Code     0  dleqf.o(x$fpl$dleqf)
    __aeabi_dmul                             0x080045ad   Thumb Code     0  dmul.o(x$fpl$dmul)
    _dmul                                    0x080045ad   Thumb Code   332  dmul.o(x$fpl$dmul)
    __fpl_dnaninf                            0x08004701   Thumb Code   156  dnaninf.o(x$fpl$dnaninf)
    __fpl_dretinf                            0x0800479d   Thumb Code    12  dretinf.o(x$fpl$dretinf)
    __aeabi_cdrcmple                         0x080047a9   Thumb Code     0  drleqf.o(x$fpl$drleqf)
    _drcmple                                 0x080047a9   Thumb Code   108  drleqf.o(x$fpl$drleqf)
    __aeabi_drsub                            0x08004815   Thumb Code     0  daddsub_clz.o(x$fpl$drsb)
    _drsb                                    0x08004815   Thumb Code    22  daddsub_clz.o(x$fpl$drsb)
    _dsqrt                                   0x0800482d   Thumb Code   456  dsqrt_noumaal.o(x$fpl$dsqrt)
    __aeabi_dsub                             0x080049f9   Thumb Code     0  daddsub_clz.o(x$fpl$dsub)
    _dsub                                    0x080049f9   Thumb Code   464  daddsub_clz.o(x$fpl$dsub)
    __aeabi_f2d                              0x08004bcd   Thumb Code     0  f2d.o(x$fpl$f2d)
    _f2d                                     0x08004bcd   Thumb Code    86  f2d.o(x$fpl$f2d)
    __aeabi_fadd                             0x08004c25   Thumb Code     0  faddsub_clz.o(x$fpl$fadd)
    _fadd                                    0x08004c25   Thumb Code   196  faddsub_clz.o(x$fpl$fadd)
    __fpl_fcmp_Inf                           0x08004ce9   Thumb Code    24  fcmpi.o(x$fpl$fcmpinf)
    __aeabi_fdiv                             0x08004d01   Thumb Code     0  fdiv.o(x$fpl$fdiv)
    _fdiv                                    0x08004d01   Thumb Code   384  fdiv.o(x$fpl$fdiv)
    __aeabi_f2iz                             0x08004e85   Thumb Code     0  ffix.o(x$fpl$ffix)
    _ffix                                    0x08004e85   Thumb Code    54  ffix.o(x$fpl$ffix)
    __aeabi_f2uiz                            0x08004ebd   Thumb Code     0  ffixu.o(x$fpl$ffixu)
    _ffixu                                   0x08004ebd   Thumb Code    62  ffixu.o(x$fpl$ffixu)
    __aeabi_ui2f                             0x08004efd   Thumb Code     0  fflt_clz.o(x$fpl$ffltu)
    _ffltu                                   0x08004efd   Thumb Code    38  fflt_clz.o(x$fpl$ffltu)
    __aeabi_cfcmple                          0x08004f25   Thumb Code     0  fleqf.o(x$fpl$fleqf)
    _fcmple                                  0x08004f25   Thumb Code   104  fleqf.o(x$fpl$fleqf)
    __fpl_fcmple_InfNaN                      0x08004f77   Thumb Code     0  fleqf.o(x$fpl$fleqf)
    __aeabi_fmul                             0x08004f8d   Thumb Code     0  fmul.o(x$fpl$fmul)
    _fmul                                    0x08004f8d   Thumb Code   258  fmul.o(x$fpl$fmul)
    __fpl_fnaninf                            0x0800508f   Thumb Code   140  fnaninf.o(x$fpl$fnaninf)
    __fpl_fretinf                            0x0800511b   Thumb Code    10  fretinf.o(x$fpl$fretinf)
    __aeabi_cfrcmple                         0x08005125   Thumb Code     0  frleqf.o(x$fpl$frleqf)
    _frcmple                                 0x08005125   Thumb Code    98  frleqf.o(x$fpl$frleqf)
    __aeabi_fsub                             0x08005189   Thumb Code     0  faddsub_clz.o(x$fpl$fsub)
    _fsub                                    0x08005189   Thumb Code   234  faddsub_clz.o(x$fpl$fsub)
    __fpl_return_NaN                         0x08005273   Thumb Code   100  retnan.o(x$fpl$retnan)
    __ARM_scalbn                             0x080052d7   Thumb Code    92  scalbn.o(x$fpl$scalbn)
    __fpl_cmpreturn                          0x08005333   Thumb Code    48  trapv.o(x$fpl$trapveneer)
    OLED_F8x16                               0x08005362   Data        1520  oled.o(.constdata)
    __I$use$fp                               0x08005362   Number         0  usenofp.o(x$fpl$usenofp)
    __mathlib_zero                           0x080059e0   Data           8  qnan.o(.constdata)
    Region$$Table$$Base                      0x08005b84   Number         0  anon$$obj.o(Region$$Table)
    Region$$Table$$Limit                     0x08005ba4   Number         0  anon$$obj.o(Region$$Table)
    __ctype                                  0x08005bb1   Data           0  lc_ctype_c.o(locale$$data)
    __stdout                                 0x20000014   Data           4  usart.o(.data)
    RxCounter                                0x20000018   Data           1  usart.o(.data)
    cloud_fan_state                          0x2000001a   Data           1  wifi.o(.data)
    cloud_alarm_state                        0x2000001b   Data           1  wifi.o(.data)
    cloud_led_state                          0x2000001c   Data           1  wifi.o(.data)
    cloud_mode_state                         0x2000001d   Data           1  wifi.o(.data)
    cloud_cmd_flag                           0x2000001e   Data           1  wifi.o(.data)
    cloud_temp_max                           0x2000001f   Data           1  wifi.o(.data)
    cloud_gas_max                            0x20000020   Data           2  wifi.o(.data)
    cloud_light_min                          0x20000022   Data           2  wifi.o(.data)
    temperature                              0x20000024   Data           1  main.o(.data)
    humidity                                 0x20000025   Data           1  main.o(.data)
    light                                    0x20000026   Data           2  main.o(.data)
    mq135_ppm                                0x20000028   Data           4  main.o(.data)
    key_num                                  0x2000002c   Data           1  main.o(.data)
    current_page                             0x2000002d   Data           1  main.o(.data)
    system_mode                              0x2000002e   Data           1  main.o(.data)
    fan_speed                                0x2000002f   Data           1  main.o(.data)
    alarm_flag                               0x20000030   Data           1  main.o(.data)
    led2_state                               0x20000031   Data           1  main.o(.data)
    fan_state                                0x20000032   Data           1  main.o(.data)
    report_count                             0x20000034   Data           2  main.o(.data)
    state_changed                            0x20000036   Data           1  main.o(.data)
    alarm_blink                              0x20000037   Data           1  main.o(.data)
    temp_max                                 0x20000038   Data           1  main.o(.data)
    gas_max                                  0x2000003a   Data           2  main.o(.data)
    light_min                                0x2000003c   Data           2  main.o(.data)
    USART_RX_BUF                             0x20000040   Data         200  usart.o(.bss)
    RxBuffer                                 0x20000108   Data         512  usart.o(.bss)
    str                                      0x20000308   Data         256  wifi.o(.bss)
    __libspace_start                         0x20000408   Data          96  libspace.o(.bss)
    __temporary_stack_top$libspace           0x20000468   Data           0  libspace.o(.bss)



==============================================================================

Memory Map of the image

  Image Entry point : 0x080000ed

  Load Region LR_IROM1 (Base: 0x08000000, Size: 0x00005cf4, Max: 0x00010000, ABSOLUTE)

    Execution Region ER_IROM1 (Exec base: 0x08000000, Load base: 0x08000000, Size: 0x00005cb4, Max: 0x00010000, ABSOLUTE)

    Exec Addr    Load Addr    Size         Type   Attr      Idx    E Section Name        Object

    0x08000000   0x08000000   0x000000ec   Data   RO            3    RESET               startup_stm32f10x_md.o
    0x080000ec   0x080000ec   0x00000008   Code   RO         4069  * !!!main             c_w.l(__main.o)
    0x080000f4   0x080000f4   0x00000034   Code   RO         4388    !!!scatter          c_w.l(__scatter.o)
    0x08000128   0x08000128   0x0000001a   Code   RO         4390    !!handler_copy      c_w.l(__scatter_copy.o)
    0x08000142   0x08000142   0x00000002   PAD
    0x08000144   0x08000144   0x0000001c   Code   RO         4392    !!handler_zi        c_w.l(__scatter_zi.o)
    0x08000160   0x08000160   0x00000000   Code   RO         4052    .ARM.Collect$$_printf_percent$$00000000  c_w.l(_printf_percent.o)
    0x08000160   0x08000160   0x00000006   Code   RO         4051    .ARM.Collect$$_printf_percent$$00000009  c_w.l(_printf_d.o)
    0x08000166   0x08000166   0x00000006   Code   RO         4050    .ARM.Collect$$_printf_percent$$00000014  c_w.l(_printf_s.o)
    0x0800016c   0x0800016c   0x00000004   Code   RO         4157    .ARM.Collect$$_printf_percent$$00000017  c_w.l(_printf_percent_end.o)
    0x08000170   0x08000170   0x00000002   Code   RO         4257    .ARM.Collect$$libinit$$00000000  c_w.l(libinit.o)
    0x08000172   0x08000172   0x00000000   Code   RO         4267    .ARM.Collect$$libinit$$00000002  c_w.l(libinit2.o)
    0x08000172   0x08000172   0x00000000   Code   RO         4269    .ARM.Collect$$libinit$$00000004  c_w.l(libinit2.o)
    0x08000172   0x08000172   0x00000000   Code   RO         4272    .ARM.Collect$$libinit$$0000000A  c_w.l(libinit2.o)
    0x08000172   0x08000172   0x00000000   Code   RO         4274    .ARM.Collect$$libinit$$0000000C  c_w.l(libinit2.o)
    0x08000172   0x08000172   0x00000000   Code   RO         4276    .ARM.Collect$$libinit$$0000000E  c_w.l(libinit2.o)
    0x08000172   0x08000172   0x00000006   Code   RO         4277    .ARM.Collect$$libinit$$0000000F  c_w.l(libinit2.o)
    0x08000178   0x08000178   0x00000000   Code   RO         4279    .ARM.Collect$$libinit$$00000011  c_w.l(libinit2.o)
    0x08000178   0x08000178   0x0000000c   Code   RO         4280    .ARM.Collect$$libinit$$00000012  c_w.l(libinit2.o)
    0x08000184   0x08000184   0x00000000   Code   RO         4281    .ARM.Collect$$libinit$$00000013  c_w.l(libinit2.o)
    0x08000184   0x08000184   0x00000000   Code   RO         4283    .ARM.Collect$$libinit$$00000015  c_w.l(libinit2.o)
    0x08000184   0x08000184   0x00000000   Code   RO         4285    .ARM.Collect$$libinit$$00000017  c_w.l(libinit2.o)
    0x08000184   0x08000184   0x00000000   Code   RO         4287    .ARM.Collect$$libinit$$00000019  c_w.l(libinit2.o)
    0x08000184   0x08000184   0x00000000   Code   RO         4289    .ARM.Collect$$libinit$$0000001B  c_w.l(libinit2.o)
    0x08000184   0x08000184   0x00000000   Code   RO         4291    .ARM.Collect$$libinit$$0000001D  c_w.l(libinit2.o)
    0x08000184   0x08000184   0x00000000   Code   RO         4293    .ARM.Collect$$libinit$$0000001F  c_w.l(libinit2.o)
    0x08000184   0x08000184   0x00000000   Code   RO         4295    .ARM.Collect$$libinit$$00000021  c_w.l(libinit2.o)
    0x08000184   0x08000184   0x00000000   Code   RO         4297    .ARM.Collect$$libinit$$00000023  c_w.l(libinit2.o)
    0x08000184   0x08000184   0x00000000   Code   RO         4299    .ARM.Collect$$libinit$$00000025  c_w.l(libinit2.o)
    0x08000184   0x08000184   0x00000000   Code   RO         4303    .ARM.Collect$$libinit$$0000002C  c_w.l(libinit2.o)
    0x08000184   0x08000184   0x00000000   Code   RO         4305    .ARM.Collect$$libinit$$0000002E  c_w.l(libinit2.o)
    0x08000184   0x08000184   0x00000000   Code   RO         4307    .ARM.Collect$$libinit$$00000030  c_w.l(libinit2.o)
    0x08000184   0x08000184   0x00000000   Code   RO         4309    .ARM.Collect$$libinit$$00000032  c_w.l(libinit2.o)
    0x08000184   0x08000184   0x00000002   Code   RO         4310    .ARM.Collect$$libinit$$00000033  c_w.l(libinit2.o)
    0x08000186   0x08000186   0x00000002   Code   RO         4330    .ARM.Collect$$libshutdown$$00000000  c_w.l(libshutdown.o)
    0x08000188   0x08000188   0x00000000   Code   RO         4340    .ARM.Collect$$libshutdown$$00000002  c_w.l(libshutdown2.o)
    0x08000188   0x08000188   0x00000000   Code   RO         4342    .ARM.Collect$$libshutdown$$00000004  c_w.l(libshutdown2.o)
    0x08000188   0x08000188   0x00000000   Code   RO         4345    .ARM.Collect$$libshutdown$$00000007  c_w.l(libshutdown2.o)
    0x08000188   0x08000188   0x00000000   Code   RO         4348    .ARM.Collect$$libshutdown$$0000000A  c_w.l(libshutdown2.o)
    0x08000188   0x08000188   0x00000000   Code   RO         4350    .ARM.Collect$$libshutdown$$0000000C  c_w.l(libshutdown2.o)
    0x08000188   0x08000188   0x00000000   Code   RO         4353    .ARM.Collect$$libshutdown$$0000000F  c_w.l(libshutdown2.o)
    0x08000188   0x08000188   0x00000002   Code   RO         4354    .ARM.Collect$$libshutdown$$00000010  c_w.l(libshutdown2.o)
    0x0800018a   0x0800018a   0x00000000   Code   RO         4139    .ARM.Collect$$rtentry$$00000000  c_w.l(__rtentry.o)
    0x0800018a   0x0800018a   0x00000000   Code   RO         4208    .ARM.Collect$$rtentry$$00000002  c_w.l(__rtentry2.o)
    0x0800018a   0x0800018a   0x00000006   Code   RO         4220    .ARM.Collect$$rtentry$$00000004  c_w.l(__rtentry4.o)
    0x08000190   0x08000190   0x00000000   Code   RO         4210    .ARM.Collect$$rtentry$$00000009  c_w.l(__rtentry2.o)
    0x08000190   0x08000190   0x00000004   Code   RO         4211    .ARM.Collect$$rtentry$$0000000A  c_w.l(__rtentry2.o)
    0x08000194   0x08000194   0x00000000   Code   RO         4213    .ARM.Collect$$rtentry$$0000000C  c_w.l(__rtentry2.o)
    0x08000194   0x08000194   0x00000008   Code   RO         4214    .ARM.Collect$$rtentry$$0000000D  c_w.l(__rtentry2.o)
    0x0800019c   0x0800019c   0x00000002   Code   RO         4262    .ARM.Collect$$rtexit$$00000000  c_w.l(rtexit.o)
    0x0800019e   0x0800019e   0x00000000   Code   RO         4314    .ARM.Collect$$rtexit$$00000002  c_w.l(rtexit2.o)
    0x0800019e   0x0800019e   0x00000004   Code   RO         4315    .ARM.Collect$$rtexit$$00000003  c_w.l(rtexit2.o)
    0x080001a2   0x080001a2   0x00000006   Code   RO         4316    .ARM.Collect$$rtexit$$00000004  c_w.l(rtexit2.o)
    0x080001a8   0x080001a8   0x00000040   Code   RO            4    .text               startup_stm32f10x_md.o
    0x080001e8   0x080001e8   0x00000002   Code   RO         4014    .text               c_w.l(use_no_semi_2.o)
    0x080001ea   0x080001ea   0x00000002   PAD
    0x080001ec   0x080001ec   0x00000018   Code   RO         4020    .text               c_w.l(noretval__2printf.o)
    0x08000204   0x08000204   0x00000028   Code   RO         4022    .text               c_w.l(noretval__2sprintf.o)
    0x0800022c   0x0800022c   0x00000068   Code   RO         4024    .text               c_w.l(__printf.o)
    0x08000294   0x08000294   0x00000052   Code   RO         4026    .text               c_w.l(_printf_str.o)
    0x080002e6   0x080002e6   0x00000002   PAD
    0x080002e8   0x080002e8   0x00000078   Code   RO         4028    .text               c_w.l(_printf_dec.o)
    0x08000360   0x08000360   0x0000001a   Code   RO         4053    .text               c_w.l(atoi.o)
    0x0800037a   0x0800037a   0x00000014   Code   RO         4055    .text               c_w.l(strchr.o)
    0x0800038e   0x0800038e   0x00000024   Code   RO         4057    .text               c_w.l(strstr.o)
    0x080003b2   0x080003b2   0x0000008a   Code   RO         4059    .text               c_w.l(rt_memcpy_v6.o)
    0x0800043c   0x0800043c   0x00000044   Code   RO         4061    .text               c_w.l(rt_memclr.o)
    0x08000480   0x08000480   0x0000004e   Code   RO         4063    .text               c_w.l(rt_memclr_w.o)
    0x080004ce   0x080004ce   0x00000056   Code   RO         4065    .text               c_w.l(strncpy.o)
    0x08000524   0x08000524   0x00000006   Code   RO         4067    .text               c_w.l(heapauxi.o)
    0x0800052a   0x0800052a   0x00000002   Code   RO         4137    .text               c_w.l(use_no_semi.o)
    0x0800052c   0x0800052c   0x00000008   Code   RO         4143    .text               c_w.l(rt_errno_addr_intlibspace.o)
    0x08000534   0x08000534   0x00000016   Code   RO         4145    .text               c_w.l(_rserrno.o)
    0x0800054a   0x0800054a   0x000000b2   Code   RO         4147    .text               c_w.l(_printf_intcommon.o)
    0x080005fc   0x080005fc   0x00000030   Code   RO         4149    .text               c_w.l(_printf_char_common.o)
    0x0800062c   0x0800062c   0x0000000a   Code   RO         4151    .text               c_w.l(_sputc.o)
    0x08000636   0x08000636   0x0000002c   Code   RO         4153    .text               c_w.l(_printf_char.o)
    0x08000662   0x08000662   0x00000002   PAD
    0x08000664   0x08000664   0x00000024   Code   RO         4155    .text               c_w.l(_printf_char_file.o)
    0x08000688   0x08000688   0x00000070   Code   RO         4158    .text               c_w.l(strtol.o)
    0x080006f8   0x080006f8   0x00000064   Code   RO         4160    .text               c_w.l(rt_memcpy_w.o)
    0x0800075c   0x0800075c   0x00000008   Code   RO         4204    .text               c_w.l(libspace.o)
    0x08000764   0x08000764   0x00000010   Code   RO         4222    .text               c_w.l(rt_ctype_table.o)
    0x08000774   0x08000774   0x0000009e   Code   RO         4226    .text               c_w.l(_strtoul.o)
    0x08000812   0x08000812   0x00000008   Code   RO         4228    .text               c_w.l(ferror.o)
    0x0800081a   0x0800081a   0x0000004a   Code   RO         4238    .text               c_w.l(sys_stackheap_outer.o)
    0x08000864   0x08000864   0x00000008   Code   RO         4243    .text               c_w.l(rt_locale_intlibspace.o)
    0x0800086c   0x0800086c   0x0000001c   Code   RO         4245    .text               c_w.l(_chval.o)
    0x08000888   0x08000888   0x00000012   Code   RO         4250    .text               c_w.l(exit.o)
    0x0800089a   0x0800089a   0x00000002   PAD
    0x0800089c   0x0800089c   0x00000080   Code   RO         4264    .text               c_w.l(strcmpv7m.o)
    0x0800091c   0x0800091c   0x00000016   Code   RO          202    i.ADC_Cmd           stm32f10x_adc.o
    0x08000932   0x08000932   0x00000014   Code   RO          210    i.ADC_GetCalibrationStatus  stm32f10x_adc.o
    0x08000946   0x08000946   0x00000008   Code   RO          211    i.ADC_GetConversionValue  stm32f10x_adc.o
    0x0800094e   0x0800094e   0x00000012   Code   RO          213    i.ADC_GetFlagStatus  stm32f10x_adc.o
    0x08000960   0x08000960   0x00000014   Code   RO          216    i.ADC_GetResetCalibrationStatus  stm32f10x_adc.o
    0x08000974   0x08000974   0x00000034   Code   RO         3326    i.ADC_GetValue      adcx.o
    0x080009a8   0x080009a8   0x00000050   Code   RO          220    i.ADC_Init          stm32f10x_adc.o
    0x080009f8   0x080009f8   0x000000b8   Code   RO          224    i.ADC_RegularChannelConfig  stm32f10x_adc.o
    0x08000ab0   0x08000ab0   0x0000000a   Code   RO          225    i.ADC_ResetCalibration  stm32f10x_adc.o
    0x08000aba   0x08000aba   0x00000016   Code   RO          227    i.ADC_SoftwareStartConvCmd  stm32f10x_adc.o
    0x08000ad0   0x08000ad0   0x0000000a   Code   RO          229    i.ADC_StartCalibration  stm32f10x_adc.o
    0x08000ada   0x08000ada   0x00000002   PAD
    0x08000adc   0x08000adc   0x0000006c   Code   RO         3327    i.ADCx_Init         adcx.o
    0x08000b48   0x08000b48   0x00000024   Code   RO         3825    i.AT_write          wifi.o
    0x08000b6c   0x08000b6c   0x00000034   Code   RO         3629    i.BEEP_Init         beep.o
    0x08000ba0   0x08000ba0   0x00000010   Code   RO         3630    i.BEEP_OFF          beep.o
    0x08000bb0   0x08000bb0   0x00000010   Code   RO         3631    i.BEEP_ON           beep.o
    0x08000bc0   0x08000bc0   0x00000038   Code   RO         3666    i.BH1750_IIC_Ack    bh1750.o
    0x08000bf8   0x08000bf8   0x00000038   Code   RO         3667    i.BH1750_IIC_NAck   bh1750.o
    0x08000c30   0x08000c30   0x00000058   Code   RO         3668    i.BH1750_IIC_Read_Byte  bh1750.o
    0x08000c88   0x08000c88   0x00000060   Code   RO         3669    i.BH1750_IIC_Send_Byte  bh1750.o
    0x08000ce8   0x08000ce8   0x00000038   Code   RO         3670    i.BH1750_IIC_Start  bh1750.o
    0x08000d20   0x08000d20   0x00000034   Code   RO         3671    i.BH1750_IIC_Stop   bh1750.o
    0x08000d54   0x08000d54   0x0000004c   Code   RO         3672    i.BH1750_IIC_Wait_Ack  bh1750.o
    0x08000da0   0x08000da0   0x00000048   Code   RO         3673    i.BH1750_Init       bh1750.o
    0x08000de8   0x08000de8   0x00000004   Code   RO         3949    i.BusFault_Handler  stm32f10x_it.o
    0x08000dec   0x08000dec   0x0000036c   Code   RO         3826    i.CParsejson        wifi.o
    0x08001158   0x08001158   0x0000001c   Code   RO         3827    i.Clear_Buffer      wifi.o
    0x08001174   0x08001174   0x00000002   Code   RO         3950    i.DebugMon_Handler  stm32f10x_it.o
    0x08001176   0x08001176   0x00000116   Code   RO         1347    i.GPIO_Init         stm32f10x_gpio.o
    0x0800128c   0x0800128c   0x00000090   Code   RO         1349    i.GPIO_PinRemapConfig  stm32f10x_gpio.o
    0x0800131c   0x0800131c   0x00000012   Code   RO         1351    i.GPIO_ReadInputDataBit  stm32f10x_gpio.o
    0x0800132e   0x0800132e   0x00000004   Code   RO         1354    i.GPIO_ResetBits    stm32f10x_gpio.o
    0x08001332   0x08001332   0x00000004   Code   RO         1355    i.GPIO_SetBits      stm32f10x_gpio.o
    0x08001336   0x08001336   0x0000000a   Code   RO         1358    i.GPIO_WriteBit     stm32f10x_gpio.o
    0x08001340   0x08001340   0x00000048   Code   RO         3828    i.HUAIWEI_PUBdata   wifi.o
    0x08001388   0x08001388   0x00000048   Code   RO         3829    i.HUAIWEI_PUBstr    wifi.o
    0x080013d0   0x080013d0   0x00000070   Code   RO         3830    i.HUAIWEI_RECEVICEcmd  wifi.o
    0x08001440   0x08001440   0x00000004   Code   RO         3951    i.HardFault_Handler  stm32f10x_it.o
    0x08001444   0x08001444   0x000000d8   Code   RO         3407    i.Key_GetNum        key.o
    0x0800151c   0x0800151c   0x00000074   Code   RO         3408    i.Key_Init          key.o
    0x08001590   0x08001590   0x00000010   Code   RO         3348    i.LED1_OFF          led.o
    0x080015a0   0x080015a0   0x00000010   Code   RO         3349    i.LED1_ON           led.o
    0x080015b0   0x080015b0   0x00000010   Code   RO         3352    i.LED2_OFF          led.o
    0x080015c0   0x080015c0   0x00000010   Code   RO         3353    i.LED2_ON           led.o
    0x080015d0   0x080015d0   0x00000034   Code   RO         3355    i.LED_Init          led.o
    0x08001604   0x08001604   0x0000000c   Code   RO         3788    i.MQ135_ADC_Read    mq135.o
    0x08001610   0x08001610   0x000000dc   Code   RO         3790    i.MQ135_GetData_PPM  mq135.o
    0x080016ec   0x080016ec   0x00000028   Code   RO         3791    i.MQ135_Init        mq135.o
    0x08001714   0x08001714   0x00000004   Code   RO         3952    i.MemManage_Handler  stm32f10x_it.o
    0x08001718   0x08001718   0x0000003c   Code   RO         3754    i.Motor_Init        motor.o
    0x08001754   0x08001754   0x0000001c   Code   RO         3755    i.Motor_Off         motor.o
    0x08001770   0x08001770   0x0000001c   Code   RO         3756    i.Motor_On          motor.o
    0x0800178c   0x0800178c   0x00000002   Code   RO         3953    i.NMI_Handler       stm32f10x_it.o
    0x0800178e   0x0800178e   0x00000002   PAD
    0x08001790   0x08001790   0x00000070   Code   RO          137    i.NVIC_Init         misc.o
    0x08001800   0x08001800   0x0000002a   Code   RO         3431    i.OLED_Clear        oled.o
    0x0800182a   0x0800182a   0x00000002   PAD
    0x0800182c   0x0800182c   0x00000050   Code   RO         3432    i.OLED_I2C_Init     oled.o
    0x0800187c   0x0800187c   0x0000005c   Code   RO         3433    i.OLED_I2C_SendByte  oled.o
    0x080018d8   0x080018d8   0x00000034   Code   RO         3434    i.OLED_I2C_Start    oled.o
    0x0800190c   0x0800190c   0x00000028   Code   RO         3435    i.OLED_I2C_Stop     oled.o
    0x08001934   0x08001934   0x000000ae   Code   RO         3436    i.OLED_Init         oled.o
    0x080019e2   0x080019e2   0x00000014   Code   RO         3437    i.OLED_Pow          oled.o
    0x080019f6   0x080019f6   0x00000022   Code   RO         3438    i.OLED_SetCursor    oled.o
    0x08001a18   0x08001a18   0x00000074   Code   RO         3440    i.OLED_ShowChar     oled.o
    0x08001a8c   0x08001a8c   0x00000044   Code   RO         3442    i.OLED_ShowNum      oled.o
    0x08001ad0   0x08001ad0   0x00000028   Code   RO         3444    i.OLED_ShowString   oled.o
    0x08001af8   0x08001af8   0x00000020   Code   RO         3445    i.OLED_WriteCommand  oled.o
    0x08001b18   0x08001b18   0x00000020   Code   RO         3446    i.OLED_WriteData    oled.o
    0x08001b38   0x08001b38   0x00000002   Code   RO         3954    i.PendSV_Handler    stm32f10x_it.o
    0x08001b3a   0x08001b3a   0x00000002   PAD
    0x08001b3c   0x08001b3c   0x00000018   Code   RO         1773    i.RCC_ADCCLKConfig  stm32f10x_rcc.o
    0x08001b54   0x08001b54   0x00000020   Code   RO         1775    i.RCC_APB1PeriphClockCmd  stm32f10x_rcc.o
    0x08001b74   0x08001b74   0x00000020   Code   RO         1777    i.RCC_APB2PeriphClockCmd  stm32f10x_rcc.o
    0x08001b94   0x08001b94   0x000000d4   Code   RO         1785    i.RCC_GetClocksFreq  stm32f10x_rcc.o
    0x08001c68   0x08001c68   0x00000024   Code   RO         3674    i.SDA_IN            bh1750.o
    0x08001c8c   0x08001c8c   0x00000024   Code   RO         3675    i.SDA_OUT           bh1750.o
    0x08001cb0   0x08001cb0   0x00000032   Code   RO         3539    i.SHT30_CMD         sht30.o
    0x08001ce2   0x08001ce2   0x00000002   PAD
    0x08001ce4   0x08001ce4   0x0000002c   Code   RO         3540    i.SHT30_IIC_ACK     sht30.o
    0x08001d10   0x08001d10   0x00000054   Code   RO         3541    i.SHT30_IIC_Get_ack  sht30.o
    0x08001d64   0x08001d64   0x00000028   Code   RO         3542    i.SHT30_IIC_NACK    sht30.o
    0x08001d8c   0x08001d8c   0x00000024   Code   RO         3543    i.SHT30_IIC_SDA_IN  sht30.o
    0x08001db0   0x08001db0   0x00000024   Code   RO         3544    i.SHT30_IIC_SDA_OUT  sht30.o
    0x08001dd4   0x08001dd4   0x00000074   Code   RO         3545    i.SHT30_IIC_read_byte  sht30.o
    0x08001e48   0x08001e48   0x00000034   Code   RO         3546    i.SHT30_IIC_start   sht30.o
    0x08001e7c   0x08001e7c   0x00000034   Code   RO         3547    i.SHT30_IIC_stop    sht30.o
    0x08001eb0   0x08001eb0   0x00000058   Code   RO         3548    i.SHT30_IIC_write_byte  sht30.o
    0x08001f08   0x08001f08   0x00000040   Code   RO         3549    i.SHT30_Init        sht30.o
    0x08001f48   0x08001f48   0x00000120   Code   RO         3550    i.SHT30_Read_Humiture  sht30.o
    0x08002068   0x08002068   0x0000003a   Code   RO         3551    i.SHT3X_CRC         sht30.o
    0x080020a2   0x080020a2   0x00000002   Code   RO         3955    i.SVC_Handler       stm32f10x_it.o
    0x080020a4   0x080020a4   0x00000008   Code   RO           24    i.SetSysClock       system_stm32f10x.o
    0x080020ac   0x080020ac   0x000000e0   Code   RO           25    i.SetSysClockTo72   system_stm32f10x.o
    0x0800218c   0x0800218c   0x00000002   Code   RO         3956    i.SysTick_Handler   stm32f10x_it.o
    0x0800218e   0x0800218e   0x00000002   PAD
    0x08002190   0x08002190   0x00000060   Code   RO           27    i.SystemInit        system_stm32f10x.o
    0x080021f0   0x080021f0   0x00000020   Code   RO         3251    i.USART1_IRQHandler  usart.o
    0x08002210   0x08002210   0x00000048   Code   RO         3252    i.USART2_IRQHandler  usart.o
    0x08002258   0x08002258   0x00000018   Code   RO         2960    i.USART_Cmd         stm32f10x_usart.o
    0x08002270   0x08002270   0x00000054   Code   RO         2964    i.USART_GetITStatus  stm32f10x_usart.o
    0x080022c4   0x080022c4   0x0000004a   Code   RO         2966    i.USART_ITConfig    stm32f10x_usart.o
    0x0800230e   0x0800230e   0x00000002   PAD
    0x08002310   0x08002310   0x000000d8   Code   RO         2967    i.USART_Init        stm32f10x_usart.o
    0x080023e8   0x080023e8   0x0000000a   Code   RO         2974    i.USART_ReceiveData  stm32f10x_usart.o
    0x080023f2   0x080023f2   0x00000002   PAD
    0x080023f4   0x080023f4   0x0000001c   Code   RO         3253    i.Uart1_SendChar    usart.o
    0x08002410   0x08002410   0x00000028   Code   RO         3255    i.Uart2_SendStr     usart.o
    0x08002438   0x08002438   0x00000004   Code   RO         3957    i.UsageFault_Handler  stm32f10x_it.o
    0x0800243c   0x0800243c   0x000003f4   Code   RO         3831    i.Wifi_Init         wifi.o
    0x08002830   0x08002830   0x00000028   Code   RO         4191    i.__ARM_fpclassify  m_ws.l(fpclassify.o)
    0x08002858   0x08002858   0x000000aa   Code   RO         4193    i.__kernel_poly     m_ws.l(poly.o)
    0x08002902   0x08002902   0x00000002   PAD
    0x08002904   0x08002904   0x00000010   Code   RO         4177    i.__mathlib_dbl_divzero  m_ws.l(dunder.o)
    0x08002914   0x08002914   0x00000004   Code   RO         4179    i.__mathlib_dbl_infnan2  m_ws.l(dunder.o)
    0x08002918   0x08002918   0x0000000c   Code   RO         4180    i.__mathlib_dbl_invalid  m_ws.l(dunder.o)
    0x08002924   0x08002924   0x0000000e   Code   RO         4181    i.__mathlib_dbl_overflow  m_ws.l(dunder.o)
    0x08002932   0x08002932   0x00000002   PAD
    0x08002934   0x08002934   0x00000010   Code   RO         4183    i.__mathlib_dbl_underflow  m_ws.l(dunder.o)
    0x08002944   0x08002944   0x00000004   Code   RO         3256    i._sys_exit         usart.o
    0x08002948   0x08002948   0x00000032   Code   RO         3677    i.bh_data_read      bh1750.o
    0x0800297a   0x0800297a   0x00000028   Code   RO         3678    i.bh_data_send      bh1750.o
    0x080029a2   0x080029a2   0x00000018   Code   RO         3196    i.delay_ms          delay.o
    0x080029ba   0x080029ba   0x0000002e   Code   RO         3198    i.delay_us          delay.o
    0x080029e8   0x080029e8   0x0000001c   Code   RO         3257    i.fputc             usart.o
    0x08002a04   0x08002a04   0x00000a88   Code   RO         3899    i.main              main.o
    0x0800348c   0x0800348c   0x000009d8   Code   RO         4128    i.pow               m_ws.l(pow.o)
    0x08003e64   0x08003e64   0x0000004c   Code   RO         4197    i.sqrt              m_ws.l(sqrt.o)
    0x08003eb0   0x08003eb0   0x000000a4   Code   RO         3258    i.uart2_init        usart.o
    0x08003f54   0x08003f54   0x000000a0   Code   RO         3259    i.uart_init         usart.o
    0x08003ff4   0x08003ff4   0x0000002c   Code   RO         4248    locale$$code        c_w.l(lc_ctype_c.o)
    0x08004020   0x08004020   0x00000062   Code   RO         4071    x$fpl$d2f           fz_ws.l(d2f.o)
    0x08004082   0x08004082   0x00000002   PAD
    0x08004084   0x08004084   0x00000150   Code   RO         4073    x$fpl$dadd          fz_ws.l(daddsub_clz.o)
    0x080041d4   0x080041d4   0x00000010   Code   RO         4232    x$fpl$dcheck1       fz_ws.l(dcheck1.o)
    0x080041e4   0x080041e4   0x00000018   Code   RO         4258    x$fpl$dcmpinf       fz_ws.l(dcmpi.o)
    0x080041fc   0x080041fc   0x000002b0   Code   RO         4080    x$fpl$ddiv          fz_ws.l(ddiv.o)
    0x080044ac   0x080044ac   0x0000005a   Code   RO         4083    x$fpl$dfixu         fz_ws.l(dfixu.o)
    0x08004506   0x08004506   0x0000002e   Code   RO         4088    x$fpl$dflt          fz_ws.l(dflt_clz.o)
    0x08004534   0x08004534   0x00000078   Code   RO         4234    x$fpl$dleqf         fz_ws.l(dleqf.o)
    0x080045ac   0x080045ac   0x00000154   Code   RO         4093    x$fpl$dmul          fz_ws.l(dmul.o)
    0x08004700   0x08004700   0x0000009c   Code   RO         4162    x$fpl$dnaninf       fz_ws.l(dnaninf.o)
    0x0800479c   0x0800479c   0x0000000c   Code   RO         4164    x$fpl$dretinf       fz_ws.l(dretinf.o)
    0x080047a8   0x080047a8   0x0000006c   Code   RO         4166    x$fpl$drleqf        fz_ws.l(drleqf.o)
    0x08004814   0x08004814   0x00000016   Code   RO         4074    x$fpl$drsb          fz_ws.l(daddsub_clz.o)
    0x0800482a   0x0800482a   0x00000002   PAD
    0x0800482c   0x0800482c   0x000001cc   Code   RO         4236    x$fpl$dsqrt         fz_ws.l(dsqrt_noumaal.o)
    0x080049f8   0x080049f8   0x000001d4   Code   RO         4075    x$fpl$dsub          fz_ws.l(daddsub_clz.o)
    0x08004bcc   0x08004bcc   0x00000056   Code   RO         4095    x$fpl$f2d           fz_ws.l(f2d.o)
    0x08004c22   0x08004c22   0x00000002   PAD
    0x08004c24   0x08004c24   0x000000c4   Code   RO         4097    x$fpl$fadd          fz_ws.l(faddsub_clz.o)
    0x08004ce8   0x08004ce8   0x00000018   Code   RO         4168    x$fpl$fcmpinf       fz_ws.l(fcmpi.o)
    0x08004d00   0x08004d00   0x00000184   Code   RO         4104    x$fpl$fdiv          fz_ws.l(fdiv.o)
    0x08004e84   0x08004e84   0x00000036   Code   RO         4107    x$fpl$ffix          fz_ws.l(ffix.o)
    0x08004eba   0x08004eba   0x00000002   PAD
    0x08004ebc   0x08004ebc   0x0000003e   Code   RO         4111    x$fpl$ffixu         fz_ws.l(ffixu.o)
    0x08004efa   0x08004efa   0x00000002   PAD
    0x08004efc   0x08004efc   0x00000026   Code   RO         4115    x$fpl$ffltu         fz_ws.l(fflt_clz.o)
    0x08004f22   0x08004f22   0x00000002   PAD
    0x08004f24   0x08004f24   0x00000068   Code   RO         4121    x$fpl$fleqf         fz_ws.l(fleqf.o)
    0x08004f8c   0x08004f8c   0x00000102   Code   RO         4123    x$fpl$fmul          fz_ws.l(fmul.o)
    0x0800508e   0x0800508e   0x0000008c   Code   RO         4170    x$fpl$fnaninf       fz_ws.l(fnaninf.o)
    0x0800511a   0x0800511a   0x0000000a   Code   RO         4172    x$fpl$fretinf       fz_ws.l(fretinf.o)
    0x08005124   0x08005124   0x00000062   Code   RO         4125    x$fpl$frleqf        fz_ws.l(frleqf.o)
    0x08005186   0x08005186   0x00000002   PAD
    0x08005188   0x08005188   0x000000ea   Code   RO         4099    x$fpl$fsub          fz_ws.l(faddsub_clz.o)
    0x08005272   0x08005272   0x00000064   Code   RO         4260    x$fpl$retnan        fz_ws.l(retnan.o)
    0x080052d6   0x080052d6   0x0000005c   Code   RO         4174    x$fpl$scalbn        fz_ws.l(scalbn.o)
    0x08005332   0x08005332   0x00000030   Code   RO         4311    x$fpl$trapveneer    fz_ws.l(trapv.o)
    0x08005362   0x08005362   0x00000000   Code   RO         4176    x$fpl$usenofp       fz_ws.l(usenofp.o)
    0x08005362   0x08005362   0x000005f0   Data   RO         3447    .constdata          oled.o
    0x08005952   0x08005952   0x00000006   PAD
    0x08005958   0x08005958   0x00000088   Data   RO         4129    .constdata          m_ws.l(pow.o)
    0x080059e0   0x080059e0   0x00000008   Data   RO         4195    .constdata          m_ws.l(qnan.o)
    0x080059e8   0x080059e8   0x00000199   Data   RO         3833    .conststring        wifi.o
    0x08005b81   0x08005b81   0x00000003   PAD
    0x08005b84   0x08005b84   0x00000020   Data   RO         4386    Region$$Table       anon$$obj.o
    0x08005ba4   0x08005ba4   0x00000110   Data   RO         4247    locale$$data        c_w.l(lc_ctype_c.o)


    Execution Region RW_IRAM1 (Exec base: 0x20000000, Load base: 0x08005cb4, Size: 0x00000a68, Max: 0x00005000, ABSOLUTE)

    Exec Addr    Load Addr    Size         Type   Attr      Idx    E Section Name        Object

    0x20000000   0x08005cb4   0x00000014   Data   RW         1805    .data               stm32f10x_rcc.o
    0x20000014   0x08005cc8   0x00000005   Data   RW         3261    .data               usart.o
    0x20000019   0x08005ccd   0x00000001   Data   RW         3757    .data               motor.o
    0x2000001a   0x08005cce   0x0000000a   Data   RW         3834    .data               wifi.o
    0x20000024   0x08005cd8   0x0000001a   Data   RW         3900    .data               main.o
    0x2000003e   0x08005cf2   0x00000002   PAD
    0x20000040        -       0x000002c8   Zero   RW         3260    .bss                usart.o
    0x20000308        -       0x00000100   Zero   RW         3832    .bss                wifi.o
    0x20000408        -       0x00000060   Zero   RW         4205    .bss                c_w.l(libspace.o)
    0x20000468        -       0x00000200   Zero   RW            2    HEAP                startup_stm32f10x_md.o
    0x20000668        -       0x00000400   Zero   RW            1    STACK               startup_stm32f10x_md.o


==============================================================================

Image component sizes


      Code (inc. data)   RO Data    RW Data    ZI Data      Debug   Object Name

       160          8          0          0          0       1063   adcx.o
        84         14          0          0          0       1221   beep.o
       714         72          0          0          0       5771   bh1750.o
         0          0          0          0          0       4508   core_cm3.o
        70          0          0          0          0        866   delay.o
       332         20          0          0          0       1036   key.o
       116         22          0          0          0       1993   led.o
      2696        540          0         26          0       2579   main.o
       112         12          0          0          0     213144   misc.o
       116         28          0          1          0       1412   motor.o
       272         26          0          0          0       1590   mq135.o
       822         22       1520          0          0       7113   oled.o
      1008         68          0          0          0       6895   sht30.o
        64         26        236          0       1536        792   startup_stm32f10x_md.o
       394         10          0          0          0      17917   stm32f10x_adc.o
       458          6          0          0          0      12902   stm32f10x_gpio.o
        26          0          0          0          0       3478   stm32f10x_it.o
       300         38          0         20          0      13285   stm32f10x_rcc.o
       408          6          0          0          0      10574   stm32f10x_usart.o
       328         28          0          0          0      24689   system_stm32f10x.o
       528         54          0          5        712       5856   usart.o
      2208       1092        409         10        256       5522   wifi.o

    ----------------------------------------------------------------------
     11232       2092       2206         64       2504     344206   Object Totals
         0          0         32          0          0          0   (incl. Generated)
        16          0          9          2          0          0   (incl. Padding)

    ----------------------------------------------------------------------

      Code (inc. data)   RO Data    RW Data    ZI Data      Debug   Library Member Name

         8          0          0          0          0         68   __main.o
       104          0          0          0          0         84   __printf.o
         0          0          0          0          0          0   __rtentry.o
        12          0          0          0          0          0   __rtentry2.o
         6          0          0          0          0          0   __rtentry4.o
        52          8          0          0          0          0   __scatter.o
        26          0          0          0          0          0   __scatter_copy.o
        28          0          0          0          0          0   __scatter_zi.o
        28          0          0          0          0         68   _chval.o
        44          0          0          0          0        108   _printf_char.o
        48          6          0          0          0         96   _printf_char_common.o
        36          4          0          0          0         80   _printf_char_file.o
         6          0          0          0          0          0   _printf_d.o
       120         16          0          0          0         92   _printf_dec.o
       178          0          0          0          0         88   _printf_intcommon.o
         0          0          0          0          0          0   _printf_percent.o
         4          0          0          0          0          0   _printf_percent_end.o
         6          0          0          0          0          0   _printf_s.o
        82          0          0          0          0         80   _printf_str.o
        22          0          0          0          0        100   _rserrno.o
        10          0          0          0          0         68   _sputc.o
       158          0          0          0          0         92   _strtoul.o
        26          0          0          0          0         80   atoi.o
        18          0          0          0          0         80   exit.o
         8          0          0          0          0         68   ferror.o
         6          0          0          0          0        152   heapauxi.o
        44         10        272          0          0         76   lc_ctype_c.o
         2          0          0          0          0          0   libinit.o
        20          0          0          0          0          0   libinit2.o
         2          0          0          0          0          0   libshutdown.o
         2          0          0          0          0          0   libshutdown2.o
         8          4          0          0         96         68   libspace.o
        24          4          0          0          0         84   noretval__2printf.o
        40          6          0          0          0         84   noretval__2sprintf.o
        16          4          0          0          0         76   rt_ctype_table.o
         8          4          0          0          0         68   rt_errno_addr_intlibspace.o
         8          4          0          0          0         68   rt_locale_intlibspace.o
        68          0          0          0          0         68   rt_memclr.o
        78          0          0          0          0         80   rt_memclr_w.o
       138          0          0          0          0         68   rt_memcpy_v6.o
       100          0          0          0          0         80   rt_memcpy_w.o
         2          0          0          0          0          0   rtexit.o
        10          0          0          0          0          0   rtexit2.o
        20          0          0          0          0         68   strchr.o
       128          0          0          0          0         68   strcmpv7m.o
        86          0          0          0          0         76   strncpy.o
        36          0          0          0          0         80   strstr.o
       112          0          0          0          0         88   strtol.o
        74          0          0          0          0         80   sys_stackheap_outer.o
         2          0          0          0          0         68   use_no_semi.o
         2          0          0          0          0         68   use_no_semi_2.o
        98          4          0          0          0         92   d2f.o
       826         16          0          0          0        348   daddsub_clz.o
        16          4          0          0          0         68   dcheck1.o
        24          0          0          0          0         68   dcmpi.o
       688        140          0          0          0        208   ddiv.o
        90          4          0          0          0         92   dfixu.o
        46          0          0          0          0         68   dflt_clz.o
       120          4          0          0          0         92   dleqf.o
       340         12          0          0          0        104   dmul.o
       156          4          0          0          0         92   dnaninf.o
        12          0          0          0          0         68   dretinf.o
       108          0          0          0          0         80   drleqf.o
       460         56          0          0          0        120   dsqrt_noumaal.o
        86          4          0          0          0         84   f2d.o
       430          8          0          0          0        168   faddsub_clz.o
        24          0          0          0          0         68   fcmpi.o
       388         76          0          0          0         96   fdiv.o
        54          4          0          0          0         84   ffix.o
        62          4          0          0          0         84   ffixu.o
        38          0          0          0          0         68   fflt_clz.o
       104          4          0          0          0         84   fleqf.o
       258          4          0          0          0         84   fmul.o
       140          4          0          0          0         84   fnaninf.o
        10          0          0          0          0         68   fretinf.o
        98          0          0          0          0         68   frleqf.o
       100          0          0          0          0         68   retnan.o
        92          0          0          0          0         68   scalbn.o
        48          0          0          0          0         68   trapv.o
         0          0          0          0          0          0   usenofp.o
        62         10          0          0          0        340   dunder.o
        40          0          0          0          0         68   fpclassify.o
       170          0          0          0          0         96   poly.o
      2520        190        136          0          0        324   pow.o
         0          0          8          0          0          0   qnan.o
        76          0          0          0          0         84   sqrt.o

    ----------------------------------------------------------------------
      9878        622        416          0         96       6476   Library Totals
        28          0          0          0          0          0   (incl. Padding)

    ----------------------------------------------------------------------

      Code (inc. data)   RO Data    RW Data    ZI Data      Debug   Library Name

      2066         70        272          0         96       2820   c_w.l
      4916        352          0          0          0       2744   fz_ws.l
      2868        200        144          0          0        912   m_ws.l

    ----------------------------------------------------------------------
      9878        622        416          0         96       6476   Library Totals

    ----------------------------------------------------------------------

==============================================================================


      Code (inc. data)   RO Data    RW Data    ZI Data      Debug   

     21110       2714       2622         64       2600     341422   Grand Totals
     21110       2714       2622         64       2600     341422   ELF Image Totals
     21110       2714       2622         64          0          0   ROM Totals

==============================================================================

    Total RO  Size (Code + RO Data)                23732 (  23.18kB)
    Total RW  Size (RW Data + ZI Data)              2664 (   2.60kB)
    Total ROM Size (Code + RO Data + RW Data)      23796 (  23.24kB)

==============================================================================

