<html>
<body>
<pre>
<h1>µVision Build Log</h1>
<h2>Tool Versions:</h2>
IDE-Version: ¦ÌVision V5.24.2.0
Copyright (C) 2017 ARM Ltd and ARM Germany GmbH. All rights reserved.
License Information: 1112 1452065550@qq.com, 111, LIC=RC93N-YV7UQ-Z9RG9-4H6TS-2KWD9-TABGV
 
Tool Versions:
Toolchain:       MDK-ARM Plus  Version: 5.24.1
Toolchain Path:  D:\Keil_v5\ARM\ARMCC\Bin
C Compiler:      Armcc.exe V5.06 update 5 (build 528)
Assembler:       Armasm.exe V5.06 update 5 (build 528)
Linker/Locator:  ArmLink.exe V5.06 update 5 (build 528)
Library Manager: ArmAr.exe V5.06 update 5 (build 528)
Hex Converter:   FromElf.exe V5.06 update 5 (build 528)
CPU DLL:         SARMCM3.DLL V5.24.1
Dialog DLL:      DCM.DLL V1.16.0.0
Target DLL:      STLink\ST-LINKIII-KEIL_SWO.dll V3.0.1.0
Dialog DLL:      TCM.DLL V1.32.0.0
 
<h2>Project:</h2>
c:\Users\14520\Desktop\³ÌÐò\Project.uvprojx
Project File Date:  04/25/2026

<h2>Output:</h2>
*** Using Compiler 'V5.06 update 5 (build 528)', folder: 'D:\Keil_v5\ARM\ARMCC\Bin'
Rebuild target 'Target 1'
assembling startup_stm32f10x_md.s...
compiling stm32f10x_exti.c...
compiling stm32f10x_cec.c...
compiling core_cm3.c...
compiling stm32f10x_crc.c...
compiling stm32f10x_flash.c...
compiling stm32f10x_can.c...
compiling stm32f10x_dma.c...
compiling misc.c...
compiling stm32f10x_dbgmcu.c...
compiling stm32f10x_bkp.c...
compiling stm32f10x_dac.c...
compiling system_stm32f10x.c...
compiling stm32f10x_gpio.c...
compiling stm32f10x_fsmc.c...
compiling stm32f10x_adc.c...
compiling stm32f10x_i2c.c...
compiling stm32f10x_iwdg.c...
compiling stm32f10x_pwr.c...
compiling stm32f10x_rcc.c...
compiling stm32f10x_rtc.c...
compiling stm32f10x_sdio.c...
compiling stm32f10x_spi.c...
compiling stm32f10x_usart.c...
compiling stm32f10x_wwdg.c...
compiling stm32f10x_tim.c...
compiling Delay.c...
compiling usart.c...
Hardware\usart.c(202): warning:  #550-D: variable "ch"  was set but never used
  		uint8_t ch;
Hardware\usart.c: 1 warning, 0 errors
compiling adcx.c...
compiling LED.c...
compiling Key.c...
Hardware\Key.h(24): warning:  #1-D: last line of file ends without a newline
  #endif
Hardware\Key.c(96): warning:  #1-D: last line of file ends without a newline
  }
Hardware\Key.c: 2 warnings, 0 errors
compiling sys.c...
compiling OLED.c...
compiling sht30.c...
Hardware\sht30.c(282): warning:  #69-D: integer conversion resulted in truncation
  		if(*temp>12500) *temp=12500;
Hardware\sht30.c(283): warning:  #514-D: pointless comparison of unsigned integer with a negative constant
  		else if(*temp<-4000) *temp=-4000;
Hardware\sht30.c(283): warning:  #69-D: integer conversion resulted in truncation
  		else if(*temp<-4000) *temp=-4000;
Hardware\sht30.c: 3 warnings, 0 errors
compiling BEEP.c...
Hardware\wifi.h(44): warning:  #1295-D: Deprecated declaration Wifi_Init - give arg types
  void Wifi_Init();
Hardware\wifi.h(47): warning:  #1295-D: Deprecated declaration HUAIWEI_RECEVICEcmd - give arg types
  void HUAIWEI_RECEVICEcmd();
Hardware\wifi.h(49): warning:  #1-D: last line of file ends without a newline
  #endif
Hardware\BEEP.c: 3 warnings, 0 errors
compiling BH1750.c...
compiling Motor.c...
Hardware\Motor.h(48): warning:  #1-D: last line of file ends without a newline
  #endif
Hardware\Motor.c(63): warning:  #1-D: last line of file ends without a newline
  }
Hardware\Motor.c: 2 warnings, 0 errors
compiling mq135.c...
compiling wifi.c...
Hardware\wifi.h(44): warning:  #1295-D: Deprecated declaration Wifi_Init - give arg types
  void Wifi_Init();
Hardware\wifi.h(47): warning:  #1295-D: Deprecated declaration HUAIWEI_RECEVICEcmd - give arg types
  void HUAIWEI_RECEVICEcmd();
Hardware\wifi.h(49): warning:  #1-D: last line of file ends without a newline
  #endif
Hardware\LED.h(22): warning:  #1-D: last line of file ends without a newline
  #endif
Hardware\BEEP.h(10): warning:  #1-D: last line of file ends without a newline
  #endif
Hardware\Motor.h(48): warning:  #1-D: last line of file ends without a newline
  #endif
Hardware\wifi.c(53): warning:  #167-D: argument of type "unsigned char *" is incompatible with parameter of type "const char *"
      while ((strstr(RxBuffer, "OK")) == NULL);
Hardware\wifi.c(58): warning:  #167-D: argument of type "unsigned char *" is incompatible with parameter of type "const char *"
      while ((strstr(RxBuffer, "OK")) == NULL);
Hardware\wifi.c(64): warning:  #167-D: argument of type "unsigned char *" is incompatible with parameter of type "const char *"
      while ((strstr(RxBuffer, "OK")) == NULL);
Hardware\wifi.c(65): warning:  #167-D: argument of type "unsigned char *" is incompatible with parameter of type "const char *"
      while ((strstr(RxBuffer, "WIFI CONNECTED")) == NULL);
Hardware\wifi.c(66): warning:  #167-D: argument of type "unsigned char *" is incompatible with parameter of type "const char *"
      while ((strstr(RxBuffer, "WIFI GOT IP")) == NULL);
Hardware\wifi.c(75): warning:  #167-D: argument of type "unsigned char *" is incompatible with parameter of type "const char *"
      while ((strstr(RxBuffer, "OK")) == NULL);
Hardware\wifi.c(81): warning:  #167-D: argument of type "unsigned char *" is incompatible with parameter of type "const char *"
      while ((strstr(RxBuffer, "OK")) == NULL);
Hardware\wifi.c(87): warning:  #167-D: argument of type "unsigned char *" is incompatible with parameter of type "const char *"
      while ((strstr(RxBuffer, "OK")) == NULL);
Hardware\wifi.c(93): warning:  #167-D: argument of type "unsigned char *" is incompatible with parameter of type "const char *"
      while ((strstr(RxBuffer, "OK")) == NULL);
Hardware\wifi.c(99): warning:  #167-D: argument of type "unsigned char *" is incompatible with parameter of type "const char *"
      while ((strstr(RxBuffer, "OK")) == NULL);
Hardware\wifi.c(109): warning:  #167-D: argument of type "unsigned char *" is incompatible with parameter of type "const char *"
      while ((strstr(RxBuffer,"OK"))==NULL);
Hardware\wifi.c(117): warning:  #167-D: argument of type "unsigned char *" is incompatible with parameter of type "const char *"
      while ((strstr(RxBuffer,"OK"))==NULL);
Hardware\wifi.c(220): warning:  #223-D: function "atoi" declared implicitly
              cloud_temp_max = atoi(val_ptr);
Hardware\wifi.c(233): warning:  #223-D: function "atoi" declared implicitly
              cloud_gas_max = atoi(val_ptr);
Hardware\wifi.c(246): warning:  #223-D: function "atoi" declared implicitly
              cloud_light_min = atoi(val_ptr);
Hardware\wifi.c(268): warning:  #167-D: argument of type "unsigned char *" is incompatible with parameter of type "const char *"
      if ((strstr(RxBuffer, "+MQTTSUBRECV:")) != NULL)
Hardware\wifi.c(270): warning:  #167-D: argument of type "unsigned char *" is incompatible with parameter of type "const char *"
          if ((strstr(RxBuffer, "\r\n")) != NULL)
Hardware\wifi.c(274): warning:  #167-D: argument of type "uint8_t *" is incompatible with parameter of type "char *"
              CParsejson(recdata);
Hardware\wifi.c(279): warning:  #1-D: last line of file ends without a newline
  }
Hardware\wifi.c: 25 warnings, 0 errors
compiling stm32f10x_it.c...
compiling main.c...
.\Hardware\wifi.h(44): warning:  #1295-D: Deprecated declaration Wifi_Init - give arg types
  void Wifi_Init();
.\Hardware\wifi.h(47): warning:  #1295-D: Deprecated declaration HUAIWEI_RECEVICEcmd - give arg types
  void HUAIWEI_RECEVICEcmd();
.\Hardware\wifi.h(49): warning:  #1-D: last line of file ends without a newline
  #endif
.\Hardware\Key.h(24): warning:  #1-D: last line of file ends without a newline
  #endif
.\Hardware\beep.h(10): warning:  #1-D: last line of file ends without a newline
  #endif
.\Hardware\led.h(22): warning:  #1-D: last line of file ends without a newline
  #endif
.\Hardware\motor.h(48): warning:  #1-D: last line of file ends without a newline
  #endif
User\main.c(345): warning:  #550-D: variable "auto_alarm"  was set but never used
              uint8_t auto_alarm = 0;
User\main.c(424): warning:  #1-D: last line of file ends without a newline
  }
User\main.c: 9 warnings, 0 errors
linking...
Program Size: Code=21110 RO-data=2622 RW-data=64 ZI-data=2600  
FromELF: creating hex file...
".\Objects\Project.axf" - 0 Error(s), 45 Warning(s).

<h2>Software Packages used:</h2>

Package Vendor: Keil
                http://www.keil.com/pack/Keil.STM32F1xx_DFP.2.2.0.pack
                Keil.STM32F1xx_DFP.2.2.0
                STMicroelectronics STM32F1 Series Device Support, Drivers and Examples

<h2>Collection of Component include folders:</h2>
  .\RTE\_Target_1
  D:\Keil_v5\ARM\PACK\Keil\STM32F1xx_DFP\2.2.0\Device\Include

<h2>Collection of Component Files used:</h2>
Build Time Elapsed:  00:00:02
</pre>
</body>
</html>
